Archive member included to satisfy reference by file (symbol)

C:/nxp/MCUXpressoIDE_11.10.0_3148/ide/plugins/com.nxp.mcuxpresso.tools.win32_11.10.0.202311280810/tools/bin/../lib/gcc/arm-none-eabi/13.2.1/../../../../arm-none-eabi/lib/thumb/v8-m.main+fp/hard\libcr_nohost_nf.a(_cr__main.o)
                              ./startup/startup_mcxn947_cm33_core0.o (__main)
C:/nxp/MCUXpressoIDE_11.10.0_3148/ide/plugins/com.nxp.mcuxpresso.tools.win32_11.10.0.202311280810/tools/bin/../lib/gcc/arm-none-eabi/13.2.1/../../../../arm-none-eabi/lib/thumb/v8-m.main+fp/hard\libcr_c.a(memset.o)
                              ./drivers/fsl_lpuart.o (memset)
C:/nxp/MCUXpressoIDE_11.10.0_3148/ide/plugins/com.nxp.mcuxpresso.tools.win32_11.10.0.202311280810/tools/bin/../lib/gcc/arm-none-eabi/13.2.1/../../../../arm-none-eabi/lib/thumb/v8-m.main+fp/hard\libcr_c.a(alloc.o)
                              ./drivers/fsl_common.o (malloc)
C:/nxp/MCUXpressoIDE_11.10.0_3148/ide/plugins/com.nxp.mcuxpresso.tools.win32_11.10.0.202311280810/tools/bin/../lib/gcc/arm-none-eabi/13.2.1/../../../../arm-none-eabi/lib/thumb/v8-m.main+fp/hard\libcr_c.a(errno.o)
                              ./utilities/fsl_str.o (errno)
C:/nxp/MCUXpressoIDE_11.10.0_3148/ide/plugins/com.nxp.mcuxpresso.tools.win32_11.10.0.202311280810/tools/bin/../lib/gcc/arm-none-eabi/13.2.1/../../../../arm-none-eabi/lib/thumb/v8-m.main+fp/hard\libcr_c.a(initio.o)
                              C:/nxp/MCUXpressoIDE_11.10.0_3148/ide/plugins/com.nxp.mcuxpresso.tools.win32_11.10.0.202311280810/tools/bin/../lib/gcc/arm-none-eabi/13.2.1/../../../../arm-none-eabi/lib/thumb/v8-m.main+fp/hard\libcr_nohost_nf.a(_cr__main.o) (_initio)
C:/nxp/MCUXpressoIDE_11.10.0_3148/ide/plugins/com.nxp.mcuxpresso.tools.win32_11.10.0.202311280810/tools/bin/../lib/gcc/arm-none-eabi/13.2.1/../../../../arm-none-eabi/lib/thumb/v8-m.main+fp/hard\libcr_c.a(scanf.o)
                              ./utilities/fsl_str.o (strtoul)
C:/nxp/MCUXpressoIDE_11.10.0_3148/ide/plugins/com.nxp.mcuxpresso.tools.win32_11.10.0.202311280810/tools/bin/../lib/gcc/arm-none-eabi/13.2.1/../../../../arm-none-eabi/lib/thumb/v8-m.main+fp/hard\libcr_c.a(setvbuf.o)
                              C:/nxp/MCUXpressoIDE_11.10.0_3148/ide/plugins/com.nxp.mcuxpresso.tools.win32_11.10.0.202311280810/tools/bin/../lib/gcc/arm-none-eabi/13.2.1/../../../../arm-none-eabi/lib/thumb/v8-m.main+fp/hard\libcr_c.a(initio.o) (setvbuf)
C:/nxp/MCUXpressoIDE_11.10.0_3148/ide/plugins/com.nxp.mcuxpresso.tools.win32_11.10.0.202311280810/tools/bin/../lib/gcc/arm-none-eabi/13.2.1/../../../../arm-none-eabi/lib/thumb/v8-m.main+fp/hard\libcr_c.a(strlen.o)
                              ./utilities/fsl_debug_console.o (strlen)
C:/nxp/MCUXpressoIDE_11.10.0_3148/ide/plugins/com.nxp.mcuxpresso.tools.win32_11.10.0.202311280810/tools/bin/../lib/gcc/arm-none-eabi/13.2.1/../../../../arm-none-eabi/lib/thumb/v8-m.main+fp/hard\libcr_c.a(ungetc.o)
                              C:/nxp/MCUXpressoIDE_11.10.0_3148/ide/plugins/com.nxp.mcuxpresso.tools.win32_11.10.0.202311280810/tools/bin/../lib/gcc/arm-none-eabi/13.2.1/../../../../arm-none-eabi/lib/thumb/v8-m.main+fp/hard\libcr_c.a(scanf.o) (ungetc)
C:/nxp/MCUXpressoIDE_11.10.0_3148/ide/plugins/com.nxp.mcuxpresso.tools.win32_11.10.0.202311280810/tools/bin/../lib/gcc/arm-none-eabi/13.2.1/../../../../arm-none-eabi/lib/thumb/v8-m.main+fp/hard\libcr_c.a(__fillbuf.o)
                              C:/nxp/MCUXpressoIDE_11.10.0_3148/ide/plugins/com.nxp.mcuxpresso.tools.win32_11.10.0.202311280810/tools/bin/../lib/gcc/arm-none-eabi/13.2.1/../../../../arm-none-eabi/lib/thumb/v8-m.main+fp/hard\libcr_c.a(scanf.o) (__filbuf)
C:/nxp/MCUXpressoIDE_11.10.0_3148/ide/plugins/com.nxp.mcuxpresso.tools.win32_11.10.0.202311280810/tools/bin/../lib/gcc/arm-none-eabi/13.2.1/../../../../arm-none-eabi/lib/thumb/v8-m.main+fp/hard\libcr_c.a(__init_alloc.o)
                              C:/nxp/MCUXpressoIDE_11.10.0_3148/ide/plugins/com.nxp.mcuxpresso.tools.win32_11.10.0.202311280810/tools/bin/../lib/gcc/arm-none-eabi/13.2.1/../../../../arm-none-eabi/lib/thumb/v8-m.main+fp/hard\libcr_c.a(alloc.o) (__heaps)
C:/nxp/MCUXpressoIDE_11.10.0_3148/ide/plugins/com.nxp.mcuxpresso.tools.win32_11.10.0.202311280810/tools/bin/../lib/gcc/arm-none-eabi/13.2.1/../../../../arm-none-eabi/lib/thumb/v8-m.main+fp/hard\libcr_c.a(_cr_sbrk.o)
                              C:/nxp/MCUXpressoIDE_11.10.0_3148/ide/plugins/com.nxp.mcuxpresso.tools.win32_11.10.0.202311280810/tools/bin/../lib/gcc/arm-none-eabi/13.2.1/../../../../arm-none-eabi/lib/thumb/v8-m.main+fp/hard\libcr_c.a(alloc.o) (_sbrk)
C:/nxp/MCUXpressoIDE_11.10.0_3148/ide/plugins/com.nxp.mcuxpresso.tools.win32_11.10.0.202311280810/tools/bin/../lib/gcc/arm-none-eabi/13.2.1/../../../../arm-none-eabi/lib/thumb/v8-m.main+fp/hard\libcr_c.a(_deferredlazyseek.o)
[...]
Memory Configuration

Name             Origin             Length             Attributes
PROGRAM_FLASH0   0x00000000         0x00100000         xr
PROGRAM_FLASH1   0x00100000         0x00100000         xr
SRAM             0x20000000         0x00060000         xrw
SRAMX            0x04000000         0x00018000         xrw
SRAMH            0x20060000         0x00008000         xrw
USB_RAM          0x400ba000         0x00001000         xrw
*default*        0x00000000         0xffffffff

Linker script and memory map

LOAD ./utilities/fsl_assert.o
LOAD ./utilities/fsl_debug_console.o
LOAD ./utilities/fsl_memcpy.o
LOAD ./utilities/fsl_str.o
LOAD ./startup/boot_multicore_slave.o
LOAD ./startup/startup_mcxn947_cm33_core0.o
LOAD ./source/lpuart_interrupt.o
LOAD ./source/semihost_hardfault.o
LOAD ./drivers/fsl_clock.o
LOAD ./drivers/fsl_common.o
LOAD ./drivers/fsl_common_arm.o
LOAD ./drivers/fsl_gpio.o
LOAD ./drivers/fsl_lpflexcomm.o
LOAD ./drivers/fsl_lpuart.o
LOAD ./drivers/fsl_reset.o
LOAD ./drivers/fsl_spc.o
LOAD ./device/system_MCXN947_cm33_core0.o
LOAD ./component/uart/fsl_adapter_lpuart.o
LOAD ./component/lists/fsl_component_generic_list.o
LOAD ./board/board.o
LOAD ./board/clock_config.o
LOAD ./board/pin_mux.o
START GROUP
LOAD C:/nxp/MCUXpressoIDE_11.10.0_3148/ide/plugins/com.nxp.mcuxpresso.tools.win32_11.10.0.202311280810/tools/bin/../lib/gcc/arm-none-eabi/13.2.1/../../../../arm-none-eabi/lib/thumb/v8-m.main+fp/hard\libcr_nohost_nf.a
LOAD C:/nxp/MCUXpressoIDE_11.10.0_3148/ide/plugins/com.nxp.mcuxpresso.tools.win32_11.10.0.202311280810/tools/bin/../lib/gcc/arm-none-eabi/13.2.1/../../../../arm-none-eabi/lib/thumb/v8-m.main+fp/hard\libcr_c.a
LOAD C:/nxp/MCUXpressoIDE_11.10.0_3148/ide/plugins/com.nxp.mcuxpresso.tools.win32_11.10.0.202311280810/tools/bin/../lib/gcc/arm-none-eabi/13.2.1/thumb/v8-m.main+fp/hard\libcr_eabihelpers.a
LOAD C:/nxp/MCUXpressoIDE_11.10.0_3148/ide/plugins/com.nxp.mcuxpresso.tools.win32_11.10.0.202311280810/tools/bin/../lib/gcc/arm-none-eabi/13.2.1/thumb/v8-m.main+fp/hard\libgcc.a
END GROUP
                0x00000000                        __base_PROGRAM_FLASH0 = 0x0
                0x00000000                        __base_Flash = 0x0
                0x00100000                        __top_PROGRAM_FLASH0 = 0x100000
                0x00100000                        __top_Flash = 0x100000
                0x00100000                        __base_PROGRAM_FLASH1 = 0x100000
                0x00100000                        __base_Flash2 = 0x100000
                0x00200000                        __top_PROGRAM_FLASH1 = 0x200000
                0x00200000                        __top_Flash2 = 0x200000
                0x20000000                        __base_SRAM = 0x20000000
                0x20000000                        __base_RAM = 0x20000000
                0x20060000                        __top_SRAM = 0x20060000
                0x20060000                        __top_RAM = 0x20060000
                0x04000000                        __base_SRAMX = 0x4000000
                0x04000000                        __base_RAM2 = 0x4000000
                0x04018000                        __top_SRAMX = 0x4018000
                0x04018000                        __top_RAM2 = 0x4018000
                0x20060000                        __base_SRAMH = 0x20060000
                0x20060000                        __base_RAM3 = 0x20060000
                0x20068000                        __top_SRAMH = 0x20068000
                0x20068000                        __top_RAM3 = 0x20068000
                0x400ba000                        __base_USB_RAM = 0x400ba000
                0x400ba000                        __base_RAM4 = 0x400ba000
                0x400bb000                        __top_USB_RAM = 0x400bb000
                0x400bb000                        __top_RAM4 = 0x400bb000

.text_Flash2    0x00100000        0x0
 FILL mask 0xff
 *(SORT_BY_ALIGNMENT(.text_Flash2))
 *(SORT_BY_ALIGNMENT(.text_PROGRAM_FLASH1))
 *(SORT_BY_ALIGNMENT(.text.$Flash2))
 *(SORT_BY_ALIGNMENT(.text.$PROGRAM_FLASH1))
 *(SORT_BY_ALIGNMENT(.text_Flash2.*))
 *(SORT_BY_ALIGNMENT(.text_PROGRAM_FLASH1.*))
 *(SORT_BY_ALIGNMENT(.text.$Flash2.*))
 *(SORT_BY_ALIGNMENT(.text.$PROGRAM_FLASH1.*))
 *(SORT_BY_ALIGNMENT(.rodata.$Flash2))
 *(SORT_BY_ALIGNMENT(.rodata.$PROGRAM_FLASH1))
 *(SORT_BY_ALIGNMENT(.rodata.$Flash2.*))
 *(SORT_BY_ALIGNMENT(.rodata.$PROGRAM_FLASH1.*))

.text           0x00000000     0x3bd4
 FILL mask 0xff
                0x00000000                        __vectors_start__ = ABSOLUTE (.)
 *(SORT_BY_ALIGNMENT(.isr_vector))
 .isr_vector    0x00000000      0x2b0 ./startup/startup_mcxn947_cm33_core0.o
                0x00000000                g_pfnVectors
                0x00000000                __Vectors
                0x000002b0                        . = ALIGN (0x4)
                0x000002b0                        __section_table_start = .
                0x000002b0                        __data_section_table = .
                0x000002b0        0x4 LONG 0x3bd4 LOADADDR (.data)
                0x000002b4        0x4 LONG 0x20000000 ADDR (.data)
                0x000002b8        0x4 LONG 0x14 SIZEOF (.data)
                0x000002bc        0x4 LONG 0x3bd4 LOADADDR (.data_RAM2)
                0x000002c0        0x4 LONG 0x4000000 ADDR (.data_RAM2)
                0x000002c4        0x4 LONG 0x0 SIZEOF (.data_RAM2)
                0x000002c8        0x4 LONG 0x3bd4 LOADADDR (.data_RAM3)
                0x000002cc        0x4 LONG 0x20060000 ADDR (.data_RAM3)
                0x000002d0        0x4 LONG 0x0 SIZEOF (.data_RAM3)
                0x000002d4        0x4 LONG 0x3bd4 LOADADDR (.data_RAM4)
                0x000002d8        0x4 LONG 0x400ba000 ADDR (.data_RAM4)
                0x000002dc        0x4 LONG 0x0 SIZEOF (.data_RAM4)
                0x000002e0                        __data_section_table_end = .
                0x000002e0                        __bss_section_table = .
                0x000002e0        0x4 LONG 0x20000014 ADDR (.bss)
                0x000002e4        0x4 LONG 0x22c SIZEOF (.bss)
                0x000002e8        0x4 LONG 0x4000000 ADDR (.bss_RAM2)
                0x000002ec        0x4 LONG 0x0 SIZEOF (.bss_RAM2)
                0x000002f0        0x4 LONG 0x20060000 ADDR (.bss_RAM3)
                0x000002f4        0x4 LONG 0x0 SIZEOF (.bss_RAM3)
                0x000002f8        0x4 LONG 0x400ba000 ADDR (.bss_RAM4)
                0x000002fc        0x4 LONG 0x0 SIZEOF (.bss_RAM4)
                0x00000300                        __bss_section_table_end = .
                0x00000300                        __section_table_end = .
 *(SORT_BY_ALIGNMENT(.after_vectors*))
 .after_vectors.reset
                0x00000300       0x68 ./startup/startup_mcxn947_cm33_core0.o
                0x00000300                ResetISR
 .after_vectors.init_data
                0x00000368       0x1e ./startup/startup_mcxn947_cm33_core0.o
                0x00000368                data_init
 .after_vectors.init_bss
                0x00000386       0x12 ./startup/startup_mcxn947_cm33_core0.o
                0x00000386                bss_init
 .after_vectors
                0x00000398       0x16 ./startup/startup_mcxn947_cm33_core0.o
                0x00000398                NMI_Handler
                0x0000039c                MemManage_Handler
                0x0000039e                BusFault_Handler
                0x000003a0                UsageFault_Handler
                0x000003a2                SecureFault_Handler
                0x000003a4                SVC_Handler
                0x000003a6                DebugMon_Handler
                0x000003a8                PendSV_Handler
                0x000003aa                SysTick_Handler
                0x000003ac                PKC_ERR_DriverIRQHandler
                0x000003ac                QDC1_HOME_DriverIRQHandler
                0x000003ac                EDMA_0_CH5_DriverIRQHandler
                0x000003ac                EDMA_0_CH14_DriverIRQHandler
                0x000003ac                EDMA_1_CH0_DriverIRQHandler
                0x000003ac                I3C0_DriverIRQHandler
                0x000003ac                CMC0_DriverIRQHandler
                0x000003ac                EDMA_0_CH15_DriverIRQHandler
                0x000003ac                LPTMR0_DriverIRQHandler
                0x000003ac                EDMA_0_CH2_DriverIRQHandler
                0x000003ac                USB0_FS_DriverIRQHandler
                0x000003ac                FLEXPWM1_SUBMODULE1_DriverIRQHandler
                0x000003ac                FLEXPWM0_SUBMODULE1_DriverIRQHandler
                0x000003ac                SCG_DriverIRQHandler
                0x000003ac                EDMA_1_CH13_DriverIRQHandler
                0x000003ac                EDMA_1_CH11_DriverIRQHandler
                0x000003ac                FLEXPWM0_RELOAD_ERROR_DriverIRQHandler
                0x000003ac                QDC0_HOME_DriverIRQHandler
                0x000003ac                Reserved167_DriverIRQHandler
                0x000003ac                EDMA_1_CH9_DriverIRQHandler
                0x000003ac                SEC_VIO_DriverIRQHandler
                0x000003ac                ERM_MULTI_BIT_ERROR_DriverIRQHandler
                0x000003ac                GPIO31_DriverIRQHandler
                0x000003ac                EWM0_DriverIRQHandler
                0x000003ac                PKC_DriverIRQHandler
                0x000003ac                EDMA_0_CH10_DriverIRQHandler
                0x000003ac                USB1_HS_PHY_DriverIRQHandler
                0x000003ac                QDC0_IDX_DriverIRQHandler
                0x000003ac                ELS_DriverIRQHandler
                0x000003ac                Reserved166_DriverIRQHandler
                0x000003ac                EDMA_1_CH2_DriverIRQHandler
                0x000003ac                ETHERNET_DriverIRQHandler
                0x000003ac                QDC1_IDX_DriverIRQHandler
                0x000003ac                EDMA_1_CH14_DriverIRQHandler
                0x000003ac                FLEXPWM1_SUBMODULE3_DriverIRQHandler
                0x000003ac                EDMA_1_CH7_DriverIRQHandler
                0x000003ac                EDMA_1_CH6_DriverIRQHandler
                0x000003ac                DAC1_DriverIRQHandler
                0x000003ac                CTIMER2_DriverIRQHandler
                0x000003ac                EMVSIM0_DriverIRQHandler
                0x000003ac                ITRC0_DriverIRQHandler
                0x000003ac                EDMA_0_CH9_DriverIRQHandler
                0x000003ac                ETB0_DriverIRQHandler
                0x000003ac                WWDT1_DriverIRQHandler
                0x000003ac                Reserved80_DriverIRQHandler
                0x000003ac                IntDefaultHandler
                0x000003ac                ELS_ERR_DriverIRQHandler
                0x000003ac                FLEXIO_DriverIRQHandler
                0x000003ac                DAC0_DriverIRQHandler
                0x000003ac                MRT0_DriverIRQHandler
                0x000003ac                UTICK0_DriverIRQHandler
                0x000003ac                FLEXPWM0_SUBMODULE2_DriverIRQHandler
                0x000003ac                GPIO01_DriverIRQHandler
                0x000003ac                EDMA_0_CH3_DriverIRQHandler
                0x000003ac                WWDT0_DriverIRQHandler
                0x000003ac                USDHC0_DriverIRQHandler
                0x000003ac                GPIO00_DriverIRQHandler
                0x000003ac                EDMA_0_CH4_DriverIRQHandler
                0x000003ac                GPIO11_DriverIRQHandler
                0x000003ac                CTIMER4_DriverIRQHandler
                0x000003ac                BSP32_DriverIRQHandler
                0x000003ac                FLEXPWM0_FAULT_DriverIRQHandler
                0x000003ac                EDMA_1_CH1_DriverIRQHandler
                0x000003ac                SAI1_DriverIRQHandler
                0x000003ac                ERM_SINGLE_BIT_ERROR_DriverIRQHandler
                0x000003ac                GPIO21_DriverIRQHandler
                0x000003ac                FLEXPWM1_FAULT_DriverIRQHandler
                0x000003ac                GPIO30_DriverIRQHandler
                0x000003ac                CTIMER0_DriverIRQHandler
                0x000003ac                CTIMER1_DriverIRQHandler
                0x000003ac                QDC0_COMPARE_DriverIRQHandler
                0x000003ac                PINT0_DriverIRQHandler
                0x000003ac                ADC1_DriverIRQHandler
                0x000003ac                PQ_DriverIRQHandler
                0x000003ac                ETHERNET_MACLP_DriverIRQHandler
                0x000003ac                USB0_DCD_DriverIRQHandler
                0x000003ac                EDMA_0_CH11_DriverIRQHandler
                0x000003ac                MAILBOX_DriverIRQHandler
                0x000003ac                WUU_DriverIRQHandler
                0x000003ac                EDMA_0_CH6_DriverIRQHandler
                0x000003ac                CTIMER3_DriverIRQHandler
                0x000003ac                FLEXPWM1_SUBMODULE0_DriverIRQHandler
                0x000003ac                CDOG1_DriverIRQHandler
                0x000003ac                TSI_OUT_OF_SCAN_DriverIRQHandler
                0x000003ac                EDMA_1_CH4_DriverIRQHandler
                0x000003ac                PUF_DriverIRQHandler
                0x000003ac                SPC_DriverIRQHandler
                0x000003ac                RTC_DriverIRQHandler
                0x000003ac                VBAT0_DriverIRQHandler
                0x000003ac                Reserved65_DriverIRQHandler
                0x000003ac                HSCMP2_DriverIRQHandler
                0x000003ac                EDMA_0_CH0_DriverIRQHandler
                0x000003ac                EDMA_1_CH5_DriverIRQHandler
                0x000003ac                PDM_EVENT_DriverIRQHandler
                0x000003ac                Freqme_DriverIRQHandler
                0x000003ac                ETHERNET_PMT_DriverIRQHandler
                0x000003ac                FLEXPWM1_RELOAD_ERROR_DriverIRQHandler
                0x000003ac                FMU0_DriverIRQHandler
                0x000003ac                QDC1_COMPARE_DriverIRQHandler
                0x000003ac                EDMA_0_CH8_DriverIRQHandler
                0x000003ac                LPTMR1_DriverIRQHandler
                0x000003ac                GPIO40_DriverIRQHandler
                0x000003ac                CTI0_DriverIRQHandler
                0x000003ac                EDMA_1_CH3_DriverIRQHandler
                0x000003ac                EDMA_1_CH15_DriverIRQHandler
                0x000003ac                FLEXPWM1_SUBMODULE2_DriverIRQHandler
                0x000003ac                GPIO20_DriverIRQHandler
                0x000003ac                QDC1_WDG_SAB_DriverIRQHandler
                0x000003ac                EDMA_1_CH8_DriverIRQHandler
                0x000003ac                GDET_DriverIRQHandler
                0x000003ac                PORT_EFT_DriverIRQHandler
                0x000003ac                Reserved85_DriverIRQHandler
                0x000003ac                Reserved81_DriverIRQHandler
                0x000003ac                TSI_END_OF_SCAN_DriverIRQHandler
                0x000003ac                FLEXPWM0_SUBMODULE3_DriverIRQHandler
                0x000003ac                ADC0_DriverIRQHandler
                0x000003ac                OR_DriverIRQHandler
                0x000003ac                EDMA_0_CH13_DriverIRQHandler
                0x000003ac                USB1_HS_DriverIRQHandler
                0x000003ac                EDMA_0_CH1_DriverIRQHandler
                0x000003ac                DAC2_DriverIRQHandler
                0x000003ac                GPIO51_DriverIRQHandler
                0x000003ac                HSCMP0_DriverIRQHandler
                0x000003ac                EDMA_0_CH12_DriverIRQHandler
                0x000003ac                QDC0_WDG_SAB_DriverIRQHandler
                0x000003ac                CDOG0_DriverIRQHandler
                0x000003ac                CAN0_DriverIRQHandler
                0x000003ac                SMARTDMA_DriverIRQHandler
                0x000003ac                SAI0_DriverIRQHandler
                0x000003ac                EMVSIM1_DriverIRQHandler
                0x000003ac                I3C1_DriverIRQHandler
                0x000003ac                EDMA_0_CH7_DriverIRQHandler
                0x000003ac                HSCMP1_DriverIRQHandler
                0x000003ac                EDMA_1_CH10_DriverIRQHandler
                0x000003ac                EDMA_1_CH12_DriverIRQHandler
                0x000003ac                FLEXSPI0_DriverIRQHandler
                0x000003ac                GPIO50_DriverIRQHandler
                0x000003ac                GPIO10_DriverIRQHandler
                0x000003ac                SCT0_DriverIRQHandler
                0x000003ac                CAN1_DriverIRQHandler
                0x000003ac                PLU_DriverIRQHandler
                0x000003ac                FLEXPWM0_SUBMODULE0_DriverIRQHandler
                0x000003ac                OS_EVENT_DriverIRQHandler
                0x000003ac                SINC_FILTER_DriverIRQHandler
                0x000003ac                NPU_DriverIRQHandler
                0x000003ac                GPIO41_DriverIRQHandler
                0x000003ac                SEC_HYPERVISOR_CALL_DriverIRQHandler
 *(SORT_BY_ALIGNMENT(.text*))
 *fill*         0x000003ae        0x2 ff
 .text.__assertion_failed
                0x000003b0       0x2c ./utilities/fsl_assert.o
                0x000003b0                __assertion_failed
 .text.DbgConsole_Init
                0x000003dc       0x88 ./utilities/fsl_debug_console.o
                0x000003dc                DbgConsole_Init
 .text.DbgConsole_Vprintf
                0x00000464       0x3c ./utilities/fsl_debug_console.o
                0x00000464                DbgConsole_Vprintf
 .text.DbgConsole_Putchar
                0x000004a0       0x30 ./utilities/fsl_debug_console.o
                0x000004a0                DbgConsole_Putchar
 .text.DbgConsole_PrintfFormattedData
                0x000004d0      0x3e0 ./utilities/fsl_debug_console.o
 .text          0x000008b0       0xa0 ./utilities/fsl_memcpy.o
                0x000008b0                memcpy
 .text.__NVIC_EnableIRQ
                0x00000950       0x3c ./source/lpuart_interrupt.o
 .text.LP_FLEXCOMM0_IRQHandler
                0x0000098c      0x14c ./source/lpuart_interrupt.o
                0x0000098c                LP_FLEXCOMM0_IRQHandler
 .text.main     0x00000ad8      0x100 ./source/lpuart_interrupt.o
                0x00000ad8                main
 .text.CLOCK_IsPLL0Locked
                0x00000bd8       0x28 ./drivers/fsl_clock.o
 .text.CLOCK_SetupFROHFClocking
                0x00000c00       0x9c ./drivers/fsl_clock.o
                0x00000c00                CLOCK_SetupFROHFClocking
 .text.CLOCK_SetPll0MonitorMode
                0x00000c9c       0x38 ./drivers/fsl_clock.o
                0x00000c9c                CLOCK_SetPll0MonitorMode
 .text.CLOCK_AttachClk
                0x00000cd4       0xb0 ./drivers/fsl_clock.o
                0x00000cd4                CLOCK_AttachClk
 .text.CLOCK_SetClkDiv
                0x00000d84       0x54 ./drivers/fsl_clock.o
                0x00000d84                CLOCK_SetClkDiv
 .text.CLOCK_GetPLL0InClockRate
                0x00000dd8       0x58 ./drivers/fsl_clock.o
                0x00000dd8                CLOCK_GetPLL0InClockRate
 .text.CLOCK_SetPLL0Freq
                0x00000e30      0x10c ./drivers/fsl_clock.o
                0x00000e30                CLOCK_SetPLL0Freq
 .text.CLOCK_GetClk48MFreq
                0x00000f3c       0x2c ./drivers/fsl_clock.o
 .text.CLOCK_GetExtClkFreq
                0x00000f68       0x2c ./drivers/fsl_clock.o
 .text.CLOCK_GetOsc32KFreq
                0x00000f94       0x4c ./drivers/fsl_clock.o
 .text.findPll0PreDiv
                0x00000fe0       0x40 ./drivers/fsl_clock.o
 .text.findPll0PostDiv
                0x00001020       0x60 ./drivers/fsl_clock.o
 .text.findPll0MMult
                0x00001080       0xac ./drivers/fsl_clock.o
 .text.GPIO_PinInit
                0x0000112c       0x64 ./drivers/fsl_gpio.o
                0x0000112c                GPIO_PinInit
 .text.LP_FLEXCOMM_GetInterruptStatus
                0x00001190       0x28 ./drivers/fsl_lpflexcomm.o
                0x00001190                LP_FLEXCOMM_GetInterruptStatus
 .text.LP_FLEXCOMM_SetPeriph
                0x000011b8       0x94 ./drivers/fsl_lpflexcomm.o
 .text.LP_FLEXCOMM_Init
                0x0000124c       0x58 ./drivers/fsl_lpflexcomm.o
                0x0000124c                LP_FLEXCOMM_Init
 .text.LP_FLEXCOMM_CommonIRQHandler
                0x000012a4       0xb8 ./drivers/fsl_lpflexcomm.o
 .text.LPUART_GetInstance
                0x0000135c       0x4c ./drivers/fsl_lpuart.o
                0x0000135c                LPUART_GetInstance
 .text.LPUART_Init
                0x000013a8      0x3b4 ./drivers/fsl_lpuart.o
                0x000013a8                LPUART_Init
 .text.LPUART_GetDefaultConfig
                0x0000175c       0x8c ./drivers/fsl_lpuart.o
                0x0000175c                LPUART_GetDefaultConfig
 .text.LPUART_GetStatusFlags
                0x000017e8       0x60 ./drivers/fsl_lpuart.o
                0x000017e8                LPUART_GetStatusFlags
 .text.LPUART_ClearStatusFlags
                0x00001848       0x94 ./drivers/fsl_lpuart.o
                0x00001848                LPUART_ClearStatusFlags
 .text.LPUART_WriteBlocking
                0x000018dc       0x68 ./drivers/fsl_lpuart.o
                0x000018dc                LPUART_WriteBlocking
 .text.LPUART_ReadBlocking
                0x00001944      0x160 ./drivers/fsl_lpuart.o
                0x00001944                LPUART_ReadBlocking
 .text.RESET_ClearPeripheralReset
                0x00001aa4       0x64 ./drivers/fsl_reset.o
                0x00001aa4                RESET_ClearPeripheralReset
 .text.SPC_SetSRAMOperateVoltage
                0x00001b08       0x64 ./drivers/fsl_spc.o
                0x00001b08                SPC_SetSRAMOperateVoltage
 .text.SPC_SetActiveModeCoreLDORegulatorConfig
                0x00001b6c       0x94 ./drivers/fsl_spc.o
                0x00001b6c                SPC_SetActiveModeCoreLDORegulatorConfig
 .text.SPC_SetActiveModeDCDCRegulatorConfig
                0x00001c00       0x68 ./drivers/fsl_spc.o
                0x00001c00                SPC_SetActiveModeDCDCRegulatorConfig
 .text.SystemInit
                0x00001c68      0x114 ./device/system_MCXN947_cm33_core0.o
                0x00001c68                SystemInit
 .text.HAL_UartInitCommon
                0x00001d7c       0xe4 ./component/uart/fsl_adapter_lpuart.o
 .text.HAL_UartInit
                0x00001e60       0x84 ./component/uart/fsl_adapter_lpuart.o
                0x00001e60                HAL_UartInit
 .text.HAL_UartReceiveBlocking
                0x00001ee4       0x6c ./component/uart/fsl_adapter_lpuart.o
                0x00001ee4                HAL_UartReceiveBlocking
 .text.HAL_UartSendBlocking
                0x00001f50       0x64 ./component/uart/fsl_adapter_lpuart.o
                0x00001f50                HAL_UartSendBlocking
 .text.BOARD_InitDebugConsole
                0x00001fb4       0x38 ./board/board.o
                0x00001fb4                BOARD_InitDebugConsole
 .text.BOARD_BootClockPLL150M
                0x00001fec       0xd8 ./board/clock_config.o
                0x00001fec                BOARD_BootClockPLL150M
 .text.PORT_SetPinConfig
                0x000020c4       0x38 ./board/pin_mux.o
 .text.BOARD_InitPins
                0x000020fc      0x1a8 ./board/pin_mux.o
                0x000020fc                BOARD_InitPins
 .text._initio  0x000022a4       0x78 C:/nxp/MCUXpressoIDE_11.10.0_3148/ide/plugins/com.nxp.mcuxpresso.tools.win32_11.10.0.202311280810/tools/bin/../lib/gcc/arm-none-eabi/13.2.1/../../../../arm-none-eabi/lib/thumb/v8-m.main+fp/hard\libcr_c.a(initio.o)
                0x000022a4                _initio
 .text._Cwritebuf
                0x0000231c       0x6c C:/nxp/MCUXpressoIDE_11.10.0_3148/ide/plugins/com.nxp.mcuxpresso.tools.win32_11.10.0.202311280810/tools/bin/../lib/gcc/arm-none-eabi/13.2.1/../../../../arm-none-eabi/lib/thumb/v8-m.main+fp/hard\libcr_c.a(_writebuf.o)
                0x0000231c                _Cwritebuf
 .text.fflush   0x00002388       0x3c C:/nxp/MCUXpressoIDE_11.10.0_3148/ide/plugins/com.nxp.mcuxpresso.tools.win32_11.10.0.202311280810/tools/bin/../lib/gcc/arm-none-eabi/13.2.1/../../../../arm-none-eabi/lib/thumb/v8-m.main+fp/hard\libcr_c.a(fflush.o)
                0x00002388                fflush
 .text.fseek    0x000023c4       0xf8 C:/nxp/MCUXpressoIDE_11.10.0_3148/ide/plugins/com.nxp.mcuxpresso.tools.win32_11.10.0.202311280810/tools/bin/../lib/gcc/arm-none-eabi/13.2.1/../../../../arm-none-eabi/lib/thumb/v8-m.main+fp/hard\libcr_c.a(fseek.o)
                0x000023c4                fseek
 .text.ftell    0x000024bc       0x44 C:/nxp/MCUXpressoIDE_11.10.0_3148/ide/plugins/com.nxp.mcuxpresso.tools.win32_11.10.0.202311280810/tools/bin/../lib/gcc/arm-none-eabi/13.2.1/../../../../arm-none-eabi/lib/thumb/v8-m.main+fp/hard\libcr_c.a(ftell.o)
                0x000024bc                ftell
 .text.fsl_assert_hook
                0x00002500       0x1a ./utilities/fsl_assert.o
                0x00002500                fsl_assert_hook
 .text.DbgConsole_Printf
                0x0000251a       0x2c ./utilities/fsl_debug_console.o
                0x0000251a                DbgConsole_Printf
 .text.DbgConsole_PrintfPaddingCharacter
                0x00002546       0x40 ./utilities/fsl_debug_console.o
 .text.DbgConsole_ConvertRadixNumToString
                0x00002586       0xc2 ./utilities/fsl_debug_console.o
 .text.OR_IRQHandler
                0x00002648        0x8 ./startup/startup_mcxn947_cm33_core0.o
                0x00002648                OR_IRQHandler
 .text.EDMA_0_CH0_IRQHandler
                0x00002650        0x8 ./startup/startup_mcxn947_cm33_core0.o
                0x00002650                EDMA_0_CH0_IRQHandler
 .text.EDMA_0_CH1_IRQHandler
                0x00002658        0x8 ./startup/startup_mcxn947_cm33_core0.o
                0x00002658                EDMA_0_CH1_IRQHandler
 .text.EDMA_0_CH2_IRQHandler
                0x00002660        0x8 ./startup/startup_mcxn947_cm33_core0.o
                0x00002660                EDMA_0_CH2_IRQHandler
 .text.EDMA_0_CH3_IRQHandler
                0x00002668        0x8 ./startup/startup_mcxn947_cm33_core0.o
                0x00002668                EDMA_0_CH3_IRQHandler
 .text.EDMA_0_CH4_IRQHandler
                0x00002670        0x8 ./startup/startup_mcxn947_cm33_core0.o
                0x00002670                EDMA_0_CH4_IRQHandler
 .text.EDMA_0_CH5_IRQHandler
                0x00002678        0x8 ./startup/startup_mcxn947_cm33_core0.o
                0x00002678                EDMA_0_CH5_IRQHandler
 .text.EDMA_0_CH6_IRQHandler
                0x00002680        0x8 ./startup/startup_mcxn947_cm33_core0.o
                0x00002680                EDMA_0_CH6_IRQHandler
 .text.EDMA_0_CH7_IRQHandler
                0x00002688        0x8 ./startup/startup_mcxn947_cm33_core0.o
                0x00002688                EDMA_0_CH7_IRQHandler
 .text.EDMA_0_CH8_IRQHandler
                0x00002690        0x8 ./startup/startup_mcxn947_cm33_core0.o
                0x00002690                EDMA_0_CH8_IRQHandler
 .text.EDMA_0_CH9_IRQHandler
                0x00002698        0x8 ./startup/startup_mcxn947_cm33_core0.o
                0x00002698                EDMA_0_CH9_IRQHandler
 .text.EDMA_0_CH10_IRQHandler
                0x000026a0        0x8 ./startup/startup_mcxn947_cm33_core0.o
                0x000026a0                EDMA_0_CH10_IRQHandler
 .text.EDMA_0_CH11_IRQHandler
                0x000026a8        0x8 ./startup/startup_mcxn947_cm33_core0.o
                0x000026a8                EDMA_0_CH11_IRQHandler
 .text.EDMA_0_CH12_IRQHandler
                0x000026b0        0x8 ./startup/startup_mcxn947_cm33_core0.o
                0x000026b0                EDMA_0_CH12_IRQHandler
 .text.EDMA_0_CH13_IRQHandler
                0x000026b8        0x8 ./startup/startup_mcxn947_cm33_core0.o
                0x000026b8                EDMA_0_CH13_IRQHandler
 .text.EDMA_0_CH14_IRQHandler
                0x000026c0        0x8 ./startup/startup_mcxn947_cm33_core0.o
                0x000026c0                EDMA_0_CH14_IRQHandler
 .text.EDMA_0_CH15_IRQHandler
                0x000026c8        0x8 ./startup/startup_mcxn947_cm33_core0.o
                0x000026c8                EDMA_0_CH15_IRQHandler
 .text.GPIO00_IRQHandler
                0x000026d0        0x8 ./startup/startup_mcxn947_cm33_core0.o
                0x000026d0                GPIO00_IRQHandler
 .text.GPIO01_IRQHandler
                0x000026d8        0x8 ./startup/startup_mcxn947_cm33_core0.o
                0x000026d8                GPIO01_IRQHandler
 .text.GPIO10_IRQHandler
                0x000026e0        0x8 ./startup/startup_mcxn947_cm33_core0.o
                0x000026e0                GPIO10_IRQHandler
 .text.GPIO11_IRQHandler
                0x000026e8        0x8 ./startup/startup_mcxn947_cm33_core0.o
                0x000026e8                GPIO11_IRQHandler
 .text.GPIO20_IRQHandler
                0x000026f0        0x8 ./startup/startup_mcxn947_cm33_core0.o
                0x000026f0                GPIO20_IRQHandler
 .text.GPIO21_IRQHandler
                0x000026f8        0x8 ./startup/startup_mcxn947_cm33_core0.o
                0x000026f8                GPIO21_IRQHandler
 .text.GPIO30_IRQHandler
                0x00002700        0x8 ./startup/startup_mcxn947_cm33_core0.o
                0x00002700                GPIO30_IRQHandler
 .text.GPIO31_IRQHandler
                0x00002708        0x8 ./startup/startup_mcxn947_cm33_core0.o
                0x00002708                GPIO31_IRQHandler
 .text.GPIO40_IRQHandler
                0x00002710        0x8 ./startup/startup_mcxn947_cm33_core0.o
                0x00002710                GPIO40_IRQHandler
 .text.GPIO41_IRQHandler
                0x00002718        0x8 ./startup/startup_mcxn947_cm33_core0.o
                0x00002718                GPIO41_IRQHandler
 .text.GPIO50_IRQHandler
                0x00002720        0x8 ./startup/startup_mcxn947_cm33_core0.o
                0x00002720                GPIO50_IRQHandler
 .text.GPIO51_IRQHandler
                0x00002728        0x8 ./startup/startup_mcxn947_cm33_core0.o
                0x00002728                GPIO51_IRQHandler
 .text.UTICK0_IRQHandler
                0x00002730        0x8 ./startup/startup_mcxn947_cm33_core0.o
                0x00002730                UTICK0_IRQHandler
 .text.MRT0_IRQHandler
                0x00002738        0x8 ./startup/startup_mcxn947_cm33_core0.o
                0x00002738                MRT0_IRQHandler
 .text.CTIMER0_IRQHandler
                0x00002740        0x8 ./startup/startup_mcxn947_cm33_core0.o
                0x00002740                CTIMER0_IRQHandler
 .text.CTIMER1_IRQHandler
                0x00002748        0x8 ./startup/startup_mcxn947_cm33_core0.o
                0x00002748                CTIMER1_IRQHandler
 .text.SCT0_IRQHandler
                0x00002750        0x8 ./startup/startup_mcxn947_cm33_core0.o
                0x00002750                SCT0_IRQHandler
 .text.CTIMER2_IRQHandler
                0x00002758        0x8 ./startup/startup_mcxn947_cm33_core0.o
                0x00002758                CTIMER2_IRQHandler
 .text.LP_FLEXCOMM1_IRQHandler
                0x00002760        0x8 ./startup/startup_mcxn947_cm33_core0.o
                0x00002760                LP_FLEXCOMM1_IRQHandler
 .text.LP_FLEXCOMM2_IRQHandler
                0x00002768        0x8 ./startup/startup_mcxn947_cm33_core0.o
                0x00002768                LP_FLEXCOMM2_IRQHandler
 .text.LP_FLEXCOMM3_IRQHandler
                0x00002770        0x8 ./startup/startup_mcxn947_cm33_core0.o
                0x00002770                LP_FLEXCOMM3_IRQHandler
 .text.LP_FLEXCOMM4_IRQHandler
                0x00002778        0x8 ./startup/startup_mcxn947_cm33_core0.o
                0x00002778                LP_FLEXCOMM4_IRQHandler
 .text.LP_FLEXCOMM5_IRQHandler
                0x00002780        0x8 ./startup/startup_mcxn947_cm33_core0.o
                0x00002780                LP_FLEXCOMM5_IRQHandler
 .text.LP_FLEXCOMM6_IRQHandler
                0x00002788        0x8 ./startup/startup_mcxn947_cm33_core0.o
                0x00002788                LP_FLEXCOMM6_IRQHandler
 .text.LP_FLEXCOMM7_IRQHandler
                0x00002790        0x8 ./startup/startup_mcxn947_cm33_core0.o
                0x00002790                LP_FLEXCOMM7_IRQHandler
 .text.LP_FLEXCOMM8_IRQHandler
                0x00002798        0x8 ./startup/startup_mcxn947_cm33_core0.o
                0x00002798                LP_FLEXCOMM8_IRQHandler
 .text.LP_FLEXCOMM9_IRQHandler
                0x000027a0        0x8 ./startup/startup_mcxn947_cm33_core0.o
                0x000027a0                LP_FLEXCOMM9_IRQHandler
 .text.ADC0_IRQHandler
                0x000027a8        0x8 ./startup/startup_mcxn947_cm33_core0.o
                0x000027a8                ADC0_IRQHandler
 .text.ADC1_IRQHandler
                0x000027b0        0x8 ./startup/startup_mcxn947_cm33_core0.o
                0x000027b0                ADC1_IRQHandler
 .text.PINT0_IRQHandler
                0x000027b8        0x8 ./startup/startup_mcxn947_cm33_core0.o
                0x000027b8                PINT0_IRQHandler
 .text.PDM_EVENT_IRQHandler
                0x000027c0        0x8 ./startup/startup_mcxn947_cm33_core0.o
                0x000027c0                PDM_EVENT_IRQHandler
 .text.Reserved65_IRQHandler
                0x000027c8        0x8 ./startup/startup_mcxn947_cm33_core0.o
                0x000027c8                Reserved65_IRQHandler
 .text.USB0_FS_IRQHandler
                0x000027d0        0x8 ./startup/startup_mcxn947_cm33_core0.o
                0x000027d0                USB0_FS_IRQHandler
 .text.USB0_DCD_IRQHandler
                0x000027d8        0x8 ./startup/startup_mcxn947_cm33_core0.o
                0x000027d8                USB0_DCD_IRQHandler
 .text.RTC_IRQHandler
                0x000027e0        0x8 ./startup/startup_mcxn947_cm33_core0.o
                0x000027e0                RTC_IRQHandler
 .text.SMARTDMA_IRQHandler
                0x000027e8        0x8 ./startup/startup_mcxn947_cm33_core0.o
                0x000027e8                SMARTDMA_IRQHandler
 .text.MAILBOX_IRQHandler
                0x000027f0        0x8 ./startup/startup_mcxn947_cm33_core0.o
                0x000027f0                MAILBOX_IRQHandler
 .text.CTIMER3_IRQHandler
                0x000027f8        0x8 ./startup/startup_mcxn947_cm33_core0.o
                0x000027f8                CTIMER3_IRQHandler
 .text.CTIMER4_IRQHandler
                0x00002800        0x8 ./startup/startup_mcxn947_cm33_core0.o
                0x00002800                CTIMER4_IRQHandler
 .text.OS_EVENT_IRQHandler
                0x00002808        0x8 ./startup/startup_mcxn947_cm33_core0.o
                0x00002808                OS_EVENT_IRQHandler
 .text.FLEXSPI0_IRQHandler
                0x00002810        0x8 ./startup/startup_mcxn947_cm33_core0.o
                0x00002810                FLEXSPI0_IRQHandler
 .text.SAI0_IRQHandler
                0x00002818        0x8 ./startup/startup_mcxn947_cm33_core0.o
                0x00002818                SAI0_IRQHandler
 .text.SAI1_IRQHandler
                0x00002820        0x8 ./startup/startup_mcxn947_cm33_core0.o
                0x00002820                SAI1_IRQHandler
 .text.USDHC0_IRQHandler
                0x00002828        0x8 ./startup/startup_mcxn947_cm33_core0.o
                0x00002828                USDHC0_IRQHandler
 .text.CAN0_IRQHandler
                0x00002830        0x8 ./startup/startup_mcxn947_cm33_core0.o
                0x00002830                CAN0_IRQHandler
 .text.CAN1_IRQHandler
                0x00002838        0x8 ./startup/startup_mcxn947_cm33_core0.o
                0x00002838                CAN1_IRQHandler
 .text.Reserved80_IRQHandler
                0x00002840        0x8 ./startup/startup_mcxn947_cm33_core0.o
                0x00002840                Reserved80_IRQHandler
 .text.Reserved81_IRQHandler
                0x00002848        0x8 ./startup/startup_mcxn947_cm33_core0.o
                0x00002848                Reserved81_IRQHandler
 .text.USB1_HS_PHY_IRQHandler
                0x00002850        0x8 ./startup/startup_mcxn947_cm33_core0.o
                0x00002850                USB1_HS_PHY_IRQHandler
 .text.USB1_HS_IRQHandler
                0x00002858        0x8 ./startup/startup_mcxn947_cm33_core0.o
                0x00002858                USB1_HS_IRQHandler
 .text.SEC_HYPERVISOR_CALL_IRQHandler
                0x00002860        0x8 ./startup/startup_mcxn947_cm33_core0.o
                0x00002860                SEC_HYPERVISOR_CALL_IRQHandler
 .text.Reserved85_IRQHandler
                0x00002868        0x8 ./startup/startup_mcxn947_cm33_core0.o
                0x00002868                Reserved85_IRQHandler
 .text.PLU_IRQHandler
                0x00002870        0x8 ./startup/startup_mcxn947_cm33_core0.o
                0x00002870                PLU_IRQHandler
 .text.Freqme_IRQHandler
                0x00002878        0x8 ./startup/startup_mcxn947_cm33_core0.o
                0x00002878                Freqme_IRQHandler
 .text.SEC_VIO_IRQHandler
                0x00002880        0x8 ./startup/startup_mcxn947_cm33_core0.o
                0x00002880                SEC_VIO_IRQHandler
 .text.ELS_IRQHandler
                0x00002888        0x8 ./startup/startup_mcxn947_cm33_core0.o
                0x00002888                ELS_IRQHandler
 .text.PKC_IRQHandler
                0x00002890        0x8 ./startup/startup_mcxn947_cm33_core0.o
                0x00002890                PKC_IRQHandler
 .text.PUF_IRQHandler
                0x00002898        0x8 ./startup/startup_mcxn947_cm33_core0.o
                0x00002898                PUF_IRQHandler
 .text.PQ_IRQHandler
                0x000028a0        0x8 ./startup/startup_mcxn947_cm33_core0.o
                0x000028a0                PQ_IRQHandler
 .text.EDMA_1_CH0_IRQHandler
                0x000028a8        0x8 ./startup/startup_mcxn947_cm33_core0.o
                0x000028a8                EDMA_1_CH0_IRQHandler
 .text.EDMA_1_CH1_IRQHandler
                0x000028b0        0x8 ./startup/startup_mcxn947_cm33_core0.o
                0x000028b0                EDMA_1_CH1_IRQHandler
 .text.EDMA_1_CH2_IRQHandler
                0x000028b8        0x8 ./startup/startup_mcxn947_cm33_core0.o
                0x000028b8                EDMA_1_CH2_IRQHandler
 .text.EDMA_1_CH3_IRQHandler
                0x000028c0        0x8 ./startup/startup_mcxn947_cm33_core0.o
                0x000028c0                EDMA_1_CH3_IRQHandler
 .text.EDMA_1_CH4_IRQHandler
                0x000028c8        0x8 ./startup/startup_mcxn947_cm33_core0.o
                0x000028c8                EDMA_1_CH4_IRQHandler
 .text.EDMA_1_CH5_IRQHandler
                0x000028d0        0x8 ./startup/startup_mcxn947_cm33_core0.o
                0x000028d0                EDMA_1_CH5_IRQHandler
 .text.EDMA_1_CH6_IRQHandler
                0x000028d8        0x8 ./startup/startup_mcxn947_cm33_core0.o
                0x000028d8                EDMA_1_CH6_IRQHandler
 .text.EDMA_1_CH7_IRQHandler
                0x000028e0        0x8 ./startup/startup_mcxn947_cm33_core0.o
                0x000028e0                EDMA_1_CH7_IRQHandler
 .text.EDMA_1_CH8_IRQHandler
                0x000028e8        0x8 ./startup/startup_mcxn947_cm33_core0.o
                0x000028e8                EDMA_1_CH8_IRQHandler
 .text.EDMA_1_CH9_IRQHandler
                0x000028f0        0x8 ./startup/startup_mcxn947_cm33_core0.o
                0x000028f0                EDMA_1_CH9_IRQHandler
 .text.EDMA_1_CH10_IRQHandler
                0x000028f8        0x8 ./startup/startup_mcxn947_cm33_core0.o
                0x000028f8                EDMA_1_CH10_IRQHandler
 .text.EDMA_1_CH11_IRQHandler
                0x00002900        0x8 ./startup/startup_mcxn947_cm33_core0.o
                0x00002900                EDMA_1_CH11_IRQHandler
 .text.EDMA_1_CH12_IRQHandler
                0x00002908        0x8 ./startup/startup_mcxn947_cm33_core0.o
                0x00002908                EDMA_1_CH12_IRQHandler
 .text.EDMA_1_CH13_IRQHandler
                0x00002910        0x8 ./startup/startup_mcxn947_cm33_core0.o
                0x00002910                EDMA_1_CH13_IRQHandler
 .text.EDMA_1_CH14_IRQHandler
                0x00002918        0x8 ./startup/startup_mcxn947_cm33_core0.o
                0x00002918                EDMA_1_CH14_IRQHandler
 .text.EDMA_1_CH15_IRQHandler
                0x00002920        0x8 ./startup/startup_mcxn947_cm33_core0.o
                0x00002920                EDMA_1_CH15_IRQHandler
 .text.CDOG0_IRQHandler
                0x00002928        0x8 ./startup/startup_mcxn947_cm33_core0.o
                0x00002928                CDOG0_IRQHandler
 .text.CDOG1_IRQHandler
                0x00002930        0x8 ./startup/startup_mcxn947_cm33_core0.o
                0x00002930                CDOG1_IRQHandler
 .text.I3C0_IRQHandler
                0x00002938        0x8 ./startup/startup_mcxn947_cm33_core0.o
                0x00002938                I3C0_IRQHandler
 .text.I3C1_IRQHandler
                0x00002940        0x8 ./startup/startup_mcxn947_cm33_core0.o
                0x00002940                I3C1_IRQHandler
 .text.NPU_IRQHandler
                0x00002948        0x8 ./startup/startup_mcxn947_cm33_core0.o
                0x00002948                NPU_IRQHandler
 .text.GDET_IRQHandler
                0x00002950        0x8 ./startup/startup_mcxn947_cm33_core0.o
                0x00002950                GDET_IRQHandler
 .text.VBAT0_IRQHandler
                0x00002958        0x8 ./startup/startup_mcxn947_cm33_core0.o
                0x00002958                VBAT0_IRQHandler
 .text.EWM0_IRQHandler
                0x00002960        0x8 ./startup/startup_mcxn947_cm33_core0.o
                0x00002960                EWM0_IRQHandler
 .text.TSI_END_OF_SCAN_IRQHandler
                0x00002968        0x8 ./startup/startup_mcxn947_cm33_core0.o
                0x00002968                TSI_END_OF_SCAN_IRQHandler
 .text.TSI_OUT_OF_SCAN_IRQHandler
                0x00002970        0x8 ./startup/startup_mcxn947_cm33_core0.o
                0x00002970                TSI_OUT_OF_SCAN_IRQHandler
 .text.EMVSIM0_IRQHandler
                0x00002978        0x8 ./startup/startup_mcxn947_cm33_core0.o
                0x00002978                EMVSIM0_IRQHandler
 .text.EMVSIM1_IRQHandler
                0x00002980        0x8 ./startup/startup_mcxn947_cm33_core0.o
                0x00002980                EMVSIM1_IRQHandler
 .text.FLEXIO_IRQHandler
                0x00002988        0x8 ./startup/startup_mcxn947_cm33_core0.o
                0x00002988                FLEXIO_IRQHandler
 .text.DAC0_IRQHandler
                0x00002990        0x8 ./startup/startup_mcxn947_cm33_core0.o
                0x00002990                DAC0_IRQHandler
 .text.DAC1_IRQHandler
                0x00002998        0x8 ./startup/startup_mcxn947_cm33_core0.o
                0x00002998                DAC1_IRQHandler
 .text.DAC2_IRQHandler
                0x000029a0        0x8 ./startup/startup_mcxn947_cm33_core0.o
                0x000029a0                DAC2_IRQHandler
 .text.HSCMP0_IRQHandler
                0x000029a8        0x8 ./startup/startup_mcxn947_cm33_core0.o
                0x000029a8                HSCMP0_IRQHandler
 .text.HSCMP1_IRQHandler
                0x000029b0        0x8 ./startup/startup_mcxn947_cm33_core0.o
                0x000029b0                HSCMP1_IRQHandler
 .text.HSCMP2_IRQHandler
                0x000029b8        0x8 ./startup/startup_mcxn947_cm33_core0.o
                0x000029b8                HSCMP2_IRQHandler
 .text.FLEXPWM0_RELOAD_ERROR_IRQHandler
                0x000029c0        0x8 ./startup/startup_mcxn947_cm33_core0.o
                0x000029c0                FLEXPWM0_RELOAD_ERROR_IRQHandler
 .text.FLEXPWM0_FAULT_IRQHandler
                0x000029c8        0x8 ./startup/startup_mcxn947_cm33_core0.o
                0x000029c8                FLEXPWM0_FAULT_IRQHandler
 .text.FLEXPWM0_SUBMODULE0_IRQHandler
                0x000029d0        0x8 ./startup/startup_mcxn947_cm33_core0.o
                0x000029d0                FLEXPWM0_SUBMODULE0_IRQHandler
 .text.FLEXPWM0_SUBMODULE1_IRQHandler
                0x000029d8        0x8 ./startup/startup_mcxn947_cm33_core0.o
                0x000029d8                FLEXPWM0_SUBMODULE1_IRQHandler
 .text.FLEXPWM0_SUBMODULE2_IRQHandler
                0x000029e0        0x8 ./startup/startup_mcxn947_cm33_core0.o
                0x000029e0                FLEXPWM0_SUBMODULE2_IRQHandler
 .text.FLEXPWM0_SUBMODULE3_IRQHandler
                0x000029e8        0x8 ./startup/startup_mcxn947_cm33_core0.o
                0x000029e8                FLEXPWM0_SUBMODULE3_IRQHandler
 .text.FLEXPWM1_RELOAD_ERROR_IRQHandler
                0x000029f0        0x8 ./startup/startup_mcxn947_cm33_core0.o
                0x000029f0                FLEXPWM1_RELOAD_ERROR_IRQHandler
 .text.FLEXPWM1_FAULT_IRQHandler
                0x000029f8        0x8 ./startup/startup_mcxn947_cm33_core0.o
                0x000029f8                FLEXPWM1_FAULT_IRQHandler
 .text.FLEXPWM1_SUBMODULE0_IRQHandler
                0x00002a00        0x8 ./startup/startup_mcxn947_cm33_core0.o
                0x00002a00                FLEXPWM1_SUBMODULE0_IRQHandler
 .text.FLEXPWM1_SUBMODULE1_IRQHandler
                0x00002a08        0x8 ./startup/startup_mcxn947_cm33_core0.o
                0x00002a08                FLEXPWM1_SUBMODULE1_IRQHandler
 .text.FLEXPWM1_SUBMODULE2_IRQHandler
                0x00002a10        0x8 ./startup/startup_mcxn947_cm33_core0.o
                0x00002a10                FLEXPWM1_SUBMODULE2_IRQHandler
 .text.FLEXPWM1_SUBMODULE3_IRQHandler
                0x00002a18        0x8 ./startup/startup_mcxn947_cm33_core0.o
                0x00002a18                FLEXPWM1_SUBMODULE3_IRQHandler
 .text.QDC0_COMPARE_IRQHandler
                0x00002a20        0x8 ./startup/startup_mcxn947_cm33_core0.o
                0x00002a20                QDC0_COMPARE_IRQHandler
 .text.QDC0_HOME_IRQHandler
                0x00002a28        0x8 ./startup/startup_mcxn947_cm33_core0.o
                0x00002a28                QDC0_HOME_IRQHandler
 .text.QDC0_WDG_SAB_IRQHandler
                0x00002a30        0x8 ./startup/startup_mcxn947_cm33_core0.o
                0x00002a30                QDC0_WDG_SAB_IRQHandler
 .text.QDC0_IDX_IRQHandler
                0x00002a38        0x8 ./startup/startup_mcxn947_cm33_core0.o
                0x00002a38                QDC0_IDX_IRQHandler
 .text.QDC1_COMPARE_IRQHandler
                0x00002a40        0x8 ./startup/startup_mcxn947_cm33_core0.o
                0x00002a40                QDC1_COMPARE_IRQHandler
 .text.QDC1_HOME_IRQHandler
                0x00002a48        0x8 ./startup/startup_mcxn947_cm33_core0.o
                0x00002a48                QDC1_HOME_IRQHandler
 .text.QDC1_WDG_SAB_IRQHandler
                0x00002a50        0x8 ./startup/startup_mcxn947_cm33_core0.o
                0x00002a50                QDC1_WDG_SAB_IRQHandler
 .text.QDC1_IDX_IRQHandler
                0x00002a58        0x8 ./startup/startup_mcxn947_cm33_core0.o
                0x00002a58                QDC1_IDX_IRQHandler
 .text.ITRC0_IRQHandler
                0x00002a60        0x8 ./startup/startup_mcxn947_cm33_core0.o
                0x00002a60                ITRC0_IRQHandler
 .text.BSP32_IRQHandler
                0x00002a68        0x8 ./startup/startup_mcxn947_cm33_core0.o
                0x00002a68                BSP32_IRQHandler
 .text.ELS_ERR_IRQHandler
                0x00002a70        0x8 ./startup/startup_mcxn947_cm33_core0.o
                0x00002a70                ELS_ERR_IRQHandler
 .text.PKC_ERR_IRQHandler
                0x00002a78        0x8 ./startup/startup_mcxn947_cm33_core0.o
                0x00002a78                PKC_ERR_IRQHandler
 .text.ERM_SINGLE_BIT_ERROR_IRQHandler
                0x00002a80        0x8 ./startup/startup_mcxn947_cm33_core0.o
                0x00002a80                ERM_SINGLE_BIT_ERROR_IRQHandler
 .text.ERM_MULTI_BIT_ERROR_IRQHandler
                0x00002a88        0x8 ./startup/startup_mcxn947_cm33_core0.o
                0x00002a88                ERM_MULTI_BIT_ERROR_IRQHandler
 .text.FMU0_IRQHandler
                0x00002a90        0x8 ./startup/startup_mcxn947_cm33_core0.o
                0x00002a90                FMU0_IRQHandler
 .text.ETHERNET_IRQHandler
                0x00002a98        0x8 ./startup/startup_mcxn947_cm33_core0.o
                0x00002a98                ETHERNET_IRQHandler
 .text.ETHERNET_PMT_IRQHandler
                0x00002aa0        0x8 ./startup/startup_mcxn947_cm33_core0.o
                0x00002aa0                ETHERNET_PMT_IRQHandler
 .text.ETHERNET_MACLP_IRQHandler
                0x00002aa8        0x8 ./startup/startup_mcxn947_cm33_core0.o
                0x00002aa8                ETHERNET_MACLP_IRQHandler
 .text.SINC_FILTER_IRQHandler
                0x00002ab0        0x8 ./startup/startup_mcxn947_cm33_core0.o
                0x00002ab0                SINC_FILTER_IRQHandler
 .text.LPTMR0_IRQHandler
                0x00002ab8        0x8 ./startup/startup_mcxn947_cm33_core0.o
                0x00002ab8                LPTMR0_IRQHandler
 .text.LPTMR1_IRQHandler
                0x00002ac0        0x8 ./startup/startup_mcxn947_cm33_core0.o
                0x00002ac0                LPTMR1_IRQHandler
 .text.SCG_IRQHandler
                0x00002ac8        0x8 ./startup/startup_mcxn947_cm33_core0.o
                0x00002ac8                SCG_IRQHandler
 .text.SPC_IRQHandler
                0x00002ad0        0x8 ./startup/startup_mcxn947_cm33_core0.o
                0x00002ad0                SPC_IRQHandler
 .text.WUU_IRQHandler
                0x00002ad8        0x8 ./startup/startup_mcxn947_cm33_core0.o
                0x00002ad8                WUU_IRQHandler
 .text.PORT_EFT_IRQHandler
                0x00002ae0        0x8 ./startup/startup_mcxn947_cm33_core0.o
                0x00002ae0                PORT_EFT_IRQHandler
 .text.ETB0_IRQHandler
                0x00002ae8        0x8 ./startup/startup_mcxn947_cm33_core0.o
                0x00002ae8                ETB0_IRQHandler
 .text.Reserved166_IRQHandler
                0x00002af0        0x8 ./startup/startup_mcxn947_cm33_core0.o
                0x00002af0                Reserved166_IRQHandler
 .text.Reserved167_IRQHandler
                0x00002af8        0x8 ./startup/startup_mcxn947_cm33_core0.o
                0x00002af8                Reserved167_IRQHandler
 .text.WWDT0_IRQHandler
                0x00002b00        0x8 ./startup/startup_mcxn947_cm33_core0.o
                0x00002b00                WWDT0_IRQHandler
 .text.WWDT1_IRQHandler
                0x00002b08        0x8 ./startup/startup_mcxn947_cm33_core0.o
                0x00002b08                WWDT1_IRQHandler
 .text.CMC0_IRQHandler
                0x00002b10        0x8 ./startup/startup_mcxn947_cm33_core0.o
                0x00002b10                CMC0_IRQHandler
 .text.CTI0_IRQHandler
                0x00002b18        0x8 ./startup/startup_mcxn947_cm33_core0.o
                0x00002b18                CTI0_IRQHandler
 .text.EnableIRQ
                0x00002b20       0x32 ./source/lpuart_interrupt.o
 .text.GPIO_PortClear
                0x00002b52       0x1c ./source/lpuart_interrupt.o
 .text.uart_LIN_break
                0x00002b6e       0x5e ./source/lpuart_interrupt.o
                0x00002b6e                uart_LIN_break
 .text.LINCheckSum
                0x00002bcc       0x62 ./source/lpuart_interrupt.o
                0x00002bcc                LINCheckSum
 .text.LINCalcParity
                0x00002c2e       0x92 ./source/lpuart_interrupt.o
                0x00002c2e                LINCalcParity
 .text.HardFault_Handler
                0x00002cc0       0x36 ./source/semihost_hardfault.o
                0x00002cc0                HardFault_Handler
 .text.CLOCK_GetPll0OutFreq
                0x00002cf6       0x82 ./drivers/fsl_clock.o
                0x00002cf6                CLOCK_GetPll0OutFreq
 .text.GPIO_PinWrite
                0x00002d78       0x36 ./drivers/fsl_gpio.o
 .text.CLOCK_EnableClock
                0x00002dae       0x8c ./drivers/fsl_lpflexcomm.o
 .text.LP_FLEXCOMM_PeripheralIsPresent
                0x00002e3a       0x52 ./drivers/fsl_lpflexcomm.o
 .text.LP_FLEXCOMM1_DriverIRQHandler
                0x00002e8c        0xe ./drivers/fsl_lpflexcomm.o
                0x00002e8c                LP_FLEXCOMM1_DriverIRQHandler
 .text.LP_FLEXCOMM2_DriverIRQHandler
                0x00002e9a        0xe ./drivers/fsl_lpflexcomm.o
                0x00002e9a                LP_FLEXCOMM2_DriverIRQHandler
 .text.LP_FLEXCOMM3_DriverIRQHandler
                0x00002ea8        0xe ./drivers/fsl_lpflexcomm.o
                0x00002ea8                LP_FLEXCOMM3_DriverIRQHandler
 .text.LP_FLEXCOMM4_DriverIRQHandler
                0x00002eb6        0xe ./drivers/fsl_lpflexcomm.o
                0x00002eb6                LP_FLEXCOMM4_DriverIRQHandler
 .text.LP_FLEXCOMM5_DriverIRQHandler
                0x00002ec4        0xe ./drivers/fsl_lpflexcomm.o
                0x00002ec4                LP_FLEXCOMM5_DriverIRQHandler
 .text.LP_FLEXCOMM6_DriverIRQHandler
                0x00002ed2        0xe ./drivers/fsl_lpflexcomm.o
                0x00002ed2                LP_FLEXCOMM6_DriverIRQHandler
 .text.LP_FLEXCOMM7_DriverIRQHandler
                0x00002ee0        0xe ./drivers/fsl_lpflexcomm.o
                0x00002ee0                LP_FLEXCOMM7_DriverIRQHandler
 .text.LP_FLEXCOMM8_DriverIRQHandler
                0x00002eee        0xe ./drivers/fsl_lpflexcomm.o
                0x00002eee                LP_FLEXCOMM8_DriverIRQHandler
 .text.LP_FLEXCOMM9_DriverIRQHandler
                0x00002efc        0xe ./drivers/fsl_lpflexcomm.o
                0x00002efc                LP_FLEXCOMM9_DriverIRQHandler
 .text.LPUART_SoftwareReset
                0x00002f0a       0x2c ./drivers/fsl_lpuart.o
 .text.SPC_GetActiveModeBandgapMode
                0x00002f36       0x22 ./drivers/fsl_spc.o
 .text.SPC_GetActiveModeVoltageDetectStatus
                0x00002f58       0x22 ./drivers/fsl_spc.o
 .text.SPC_GetActiveModeCoreLDOVDDVoltageLevel
                0x00002f7a       0x22 ./drivers/fsl_spc.o
 .text.SPC_GetActiveModeCoreLDODriveStrength
                0x00002f9c       0x22 ./drivers/fsl_spc.o
 .text.SPC_SetActiveModeDCDCRegulatorVoltageLevel
                0x00002fbe       0x32 ./drivers/fsl_spc.o
 .text.SPC_SetActiveModeCoreLDORegulatorVoltageLevel
                0x00002ff0       0x60 ./drivers/fsl_spc.o
                0x00002ff0                SPC_SetActiveModeCoreLDORegulatorVoltageLevel
 .text.SPC_SetActiveModeCoreLDORegulatorDriveStrength
                0x00003050       0x5e ./drivers/fsl_spc.o
                0x00003050                SPC_SetActiveModeCoreLDORegulatorDriveStrength
 .text.SPC_SetActiveModeDCDCRegulatorDriveStrength
                0x000030ae       0x48 ./drivers/fsl_spc.o
                0x000030ae                SPC_SetActiveModeDCDCRegulatorDriveStrength
 .text.SystemInitHook
                0x000030f6        0xe ./device/system_MCXN947_cm33_core0.o
                0x000030f6                SystemInitHook
 .text.HAL_UartGetStatus
                0x00003104       0x28 ./component/uart/fsl_adapter_lpuart.o
 .text.CLOCK_EnableClock
                0x0000312c       0x8c ./board/clock_config.o
 .text.BOARD_InitBootClocks
                0x000031b8        0xc ./board/clock_config.o
                0x000031b8                BOARD_InitBootClocks
 .text.CLOCK_EnableClock
                0x000031c4       0x8c ./board/pin_mux.o
 .text.PORT_SetPinMux
                0x00003250       0x3e ./board/pin_mux.o
 .text.__main   0x0000328e        0xe C:/nxp/MCUXpressoIDE_11.10.0_3148/ide/plugins/com.nxp.mcuxpresso.tools.win32_11.10.0.202311280810/tools/bin/../lib/gcc/arm-none-eabi/13.2.1/../../../../arm-none-eabi/lib/thumb/v8-m.main+fp/hard\libcr_nohost_nf.a(_cr__main.o)
                0x0000328e                __main
 .text.memset   0x0000329c        0x4 C:/nxp/MCUXpressoIDE_11.10.0_3148/ide/plugins/com.nxp.mcuxpresso.tools.win32_11.10.0.202311280810/tools/bin/../lib/gcc/arm-none-eabi/13.2.1/../../../../arm-none-eabi/lib/thumb/v8-m.main+fp/hard\libcr_c.a(memset.o)
                0x0000329c                memset
 .text.free     0x000032a0       0x30 C:/nxp/MCUXpressoIDE_11.10.0_3148/ide/plugins/com.nxp.mcuxpresso.tools.win32_11.10.0.202311280810/tools/bin/../lib/gcc/arm-none-eabi/13.2.1/../../../../arm-none-eabi/lib/thumb/v8-m.main+fp/hard\libcr_c.a(alloc.o)
                0x000032a0                free
 .text.setvbuf  0x000032d0       0x3e C:/nxp/MCUXpressoIDE_11.10.0_3148/ide/plugins/com.nxp.mcuxpresso.tools.win32_11.10.0.202311280810/tools/bin/../lib/gcc/arm-none-eabi/13.2.1/../../../../arm-none-eabi/lib/thumb/v8-m.main+fp/hard\libcr_c.a(setvbuf.o)
                0x000032d0                setvbuf
 .text.strlen   0x0000330e       0x4e C:/nxp/MCUXpressoIDE_11.10.0_3148/ide/plugins/com.nxp.mcuxpresso.tools.win32_11.10.0.202311280810/tools/bin/../lib/gcc/arm-none-eabi/13.2.1/../../../../arm-none-eabi/lib/thumb/v8-m.main+fp/hard\libcr_c.a(strlen.o)
                0x0000330e                strlen
 .text._deferredlazyseek
                0x0000335c       0x40 C:/nxp/MCUXpressoIDE_11.10.0_3148/ide/plugins/com.nxp.mcuxpresso.tools.win32_11.10.0.202311280810/tools/bin/../lib/gcc/arm-none-eabi/13.2.1/../../../../arm-none-eabi/lib/thumb/v8-m.main+fp/hard\libcr_c.a(_deferredlazyseek.o)
                0x0000335c                _deferredlazyseek
 .text._fdopen  0x0000339c       0x68 C:/nxp/MCUXpressoIDE_11.10.0_3148/ide/plugins/com.nxp.mcuxpresso.tools.win32_11.10.0.202311280810/tools/bin/../lib/gcc/arm-none-eabi/13.2.1/../../../../arm-none-eabi/lib/thumb/v8-m.main+fp/hard\libcr_c.a(_fdopen.o)
                0x0000339c                _fdopen
 .text._fflush  0x00003404       0x52 C:/nxp/MCUXpressoIDE_11.10.0_3148/ide/plugins/com.nxp.mcuxpresso.tools.win32_11.10.0.202311280810/tools/bin/../lib/gcc/arm-none-eabi/13.2.1/../../../../arm-none-eabi/lib/thumb/v8-m.main+fp/hard\libcr_c.a(_fflush.o)
                0x00003404                _fflush
 .text.fclose   0x00003456       0x58 C:/nxp/MCUXpressoIDE_11.10.0_3148/ide/plugins/com.nxp.mcuxpresso.tools.win32_11.10.0.202311280810/tools/bin/../lib/gcc/arm-none-eabi/13.2.1/../../../../arm-none-eabi/lib/thumb/v8-m.main+fp/hard\libcr_c.a(fclose.o)
                0x00003456                fclose
 .text.remove   0x000034ae       0x14 C:/nxp/MCUXpressoIDE_11.10.0_3148/ide/plugins/com.nxp.mcuxpresso.tools.win32_11.10.0.202311280810/tools/bin/../lib/gcc/arm-none-eabi/13.2.1/../../../../arm-none-eabi/lib/thumb/v8-m.main+fp/hard\libcr_c.a(remove.o)
                0x000034ae                remove
 .text._do_fflush
                0x000034c2       0x40 C:/nxp/MCUXpressoIDE_11.10.0_3148/ide/plugins/com.nxp.mcuxpresso.tools.win32_11.10.0.202311280810/tools/bin/../lib/gcc/arm-none-eabi/13.2.1/../../../../arm-none-eabi/lib/thumb/v8-m.main+fp/hard\libcr_c.a(_do_fflush.o)
                0x000034c2                _do_fflush
 .text.__aeabi_f2ulz
                0x00003502       0x3e C:/nxp/MCUXpressoIDE_11.10.0_3148/ide/plugins/com.nxp.mcuxpresso.tools.win32_11.10.0.202311280810/tools/bin/../lib/gcc/arm-none-eabi/13.2.1/thumb/v8-m.main+fp/hard\libcr_eabihelpers.a(float.o)
                0x00003502                __aeabi_f2ulz
 .text.__aeabi_memset_lowlevel
                0x00003540       0x32 C:/nxp/MCUXpressoIDE_11.10.0_3148/ide/plugins/com.nxp.mcuxpresso.tools.win32_11.10.0.202311280810/tools/bin/../lib/gcc/arm-none-eabi/13.2.1/thumb/v8-m.main+fp/hard\libcr_eabihelpers.a(memcpy.o)
                0x00003540                __aeabi_lowlevel_memset
 .text.__sys_close
                0x00003572        0x6 C:/nxp/MCUXpressoIDE_11.10.0_3148/ide/plugins/com.nxp.mcuxpresso.tools.win32_11.10.0.202311280810/tools/bin/../lib/gcc/arm-none-eabi/13.2.1/../../../../arm-none-eabi/lib/thumb/v8-m.main+fp/hard\libcr_nohost_nf.a(__sys_close.o)
                0x00003572                __sys_close
 .text.__sys_flen
                0x00003578        0x6 C:/nxp/MCUXpressoIDE_11.10.0_3148/ide/plugins/com.nxp.mcuxpresso.tools.win32_11.10.0.202311280810/tools/bin/../lib/gcc/arm-none-eabi/13.2.1/../../../../arm-none-eabi/lib/thumb/v8-m.main+fp/hard\libcr_nohost_nf.a(__sys_flen.o)
                0x00003578                __sys_flen
 .text.__sys_istty
                0x0000357e        0x6 C:/nxp/MCUXpressoIDE_11.10.0_3148/ide/plugins/com.nxp.mcuxpresso.tools.win32_11.10.0.202311280810/tools/bin/../lib/gcc/arm-none-eabi/13.2.1/../../../../arm-none-eabi/lib/thumb/v8-m.main+fp/hard\libcr_nohost_nf.a(__sys_istty.o)
                0x0000357e                __sys_istty
 .text.__sys_remove
                0x00003584        0x6 C:/nxp/MCUXpressoIDE_11.10.0_3148/ide/plugins/com.nxp.mcuxpresso.tools.win32_11.10.0.202311280810/tools/bin/../lib/gcc/arm-none-eabi/13.2.1/../../../../arm-none-eabi/lib/thumb/v8-m.main+fp/hard\libcr_nohost_nf.a(__sys_remove.o)
                0x00003584                __sys_remove
 .text.__sys_seek
                0x0000358a        0x6 C:/nxp/MCUXpressoIDE_11.10.0_3148/ide/plugins/com.nxp.mcuxpresso.tools.win32_11.10.0.202311280810/tools/bin/../lib/gcc/arm-none-eabi/13.2.1/../../../../arm-none-eabi/lib/thumb/v8-m.main+fp/hard\libcr_nohost_nf.a(__sys_seek.o)
                0x0000358a                __sys_seek
 .text.__sys_tmpnam
                0x00003590        0x6 C:/nxp/MCUXpressoIDE_11.10.0_3148/ide/plugins/com.nxp.mcuxpresso.tools.win32_11.10.0.202311280810/tools/bin/../lib/gcc/arm-none-eabi/13.2.1/../../../../arm-none-eabi/lib/thumb/v8-m.main+fp/hard\libcr_nohost_nf.a(__sys_tmpnam.o)
                0x00003590                __sys_tmpnam
 .text.__sys_write
                0x00003596        0x4 C:/nxp/MCUXpressoIDE_11.10.0_3148/ide/plugins/com.nxp.mcuxpresso.tools.win32_11.10.0.202311280810/tools/bin/../lib/gcc/arm-none-eabi/13.2.1/../../../../arm-none-eabi/lib/thumb/v8-m.main+fp/hard\libcr_nohost_nf.a(__sys_write.o)
                0x00003596                __sys_write
 *(SORT_BY_ALIGNMENT(.rodata) SORT_BY_ALIGNMENT(.rodata.*) SORT_BY_ALIGNMENT(.constdata) SORT_BY_ALIGNMENT(.constdata.*))
 *fill*         0x0000359a        0x2 ff
 .rodata.__assertion_failed.str1.4
                0x0000359c      0x553 ./utilities/fsl_assert.o
                                 0x14 (size before relaxing)
 .rodata.GPIO_PinInit.str1.4
                0x00003aef       0x20 ./drivers/fsl_gpio.o
 *fill*         0x00003aef        0x1 ff
 .rodata.s_lpflexcommBase
                0x00003af0       0x28 ./drivers/fsl_lpflexcomm.o
 .rodata.s_lpflexcommClocks
                0x00003b18       0x14 ./drivers/fsl_lpflexcomm.o
 .rodata.s_lpflexcommResets
                0x00003b2c       0x28 ./drivers/fsl_lpflexcomm.o
 .rodata.LP_FLEXCOMM_SetPeriph.str1.4
                0x00003b54       0x43 ./drivers/fsl_lpflexcomm.o
 .rodata.LP_FLEXCOMM_Init.str1.4
                0x00003b54       0x49 ./drivers/fsl_lpflexcomm.o
 .rodata.s_lpuartBases
                0x00003b54       0x28 ./drivers/fsl_lpuart.o
 .rodata.LPUART_GetInstance.str1.4
                0x00003b7c       0x38 ./drivers/fsl_lpuart.o
 .rodata.LPUART_Init.str1.4
                0x00003b7c      0x10a ./drivers/fsl_lpuart.o
 .rodata.LPUART_GetDefaultConfig.str1.4
                0x00003b7c       0x22 ./drivers/fsl_lpuart.o
 .rodata.LPUART_WriteBlocking.str1.4
                0x00003b7c       0x21 ./drivers/fsl_lpuart.o
 .rodata.LPUART_ReadBlocking.str1.4
                0x00003b7c       0x21 ./drivers/fsl_lpuart.o
 .rodata.RESET_ClearPeripheralReset.str1.4
                0x00003b7c       0x1e ./drivers/fsl_reset.o
 .rodata.SPC_SetSRAMOperateVoltage.str1.4
                0x00003b7c       0x1f ./drivers/fsl_spc.o
 .rodata.SPC_SetActiveModeCoreLDORegulatorConfig.str1.4
                0x00003b7c       0x1f ./drivers/fsl_spc.o
 .rodata.SPC_SetActiveModeDCDCRegulatorConfig.str1.4
                0x00003b7c       0x20 ./drivers/fsl_spc.o
 .rodata.s_LpuartAdapterBase
                0x00003b7c       0x28 ./component/uart/fsl_adapter_lpuart.o
 .rodata.HAL_UartInit.str1.4
                0x00003ba4      0x116 ./component/uart/fsl_adapter_lpuart.o
 .rodata.HAL_UartReceiveBlocking.str1.4
                0x00003ba4       0x7b ./component/uart/fsl_adapter_lpuart.o
 .rodata.HAL_UartSendBlocking.str1.4
                0x00003ba4       0x7b ./component/uart/fsl_adapter_lpuart.o
 .rodata        0x00003ba4       0x22 ./board/clock_config.o
 .rodata.PORT_SetPinConfig.str1.4
                0x00003bc6       0x4f ./board/pin_mux.o
 *fill*         0x00003bc6        0x2 ff
 .rodata        0x00003bc8        0x2 ./board/pin_mux.o
 *fill*         0x00003bca        0x2 ff
 .rodata.__num_Ciob_streams
                0x00003bcc        0x4 C:/nxp/MCUXpressoIDE_11.10.0_3148/ide/plugins/com.nxp.mcuxpresso.tools.win32_11.10.0.202311280810/tools/bin/../lib/gcc/arm-none-eabi/13.2.1/../../../../arm-none-eabi/lib/thumb/v8-m.main+fp/hard\libcr_nohost_nf.a(__ciob.o)
                0x00003bcc                __num_Ciob_streams
 .rodata._initio.str1.1
                0x00003bd0        0x4 C:/nxp/MCUXpressoIDE_11.10.0_3148/ide/plugins/com.nxp.mcuxpresso.tools.win32_11.10.0.202311280810/tools/bin/../lib/gcc/arm-none-eabi/13.2.1/../../../../arm-none-eabi/lib/thumb/v8-m.main+fp/hard\libcr_c.a(initio.o)
                0x00003bd4                        . = ALIGN (0x4)

.glue_7         0x00003bd4        0x0
 .glue_7        0x00003bd4        0x0 linker stubs

.glue_7t        0x00003bd4        0x0
 .glue_7t       0x00003bd4        0x0 linker stubs

.vfp11_veneer   0x00003bd4        0x0
 .vfp11_veneer  0x00003bd4        0x0 linker stubs

.v4_bx          0x00003bd4        0x0
 .v4_bx         0x00003bd4        0x0 linker stubs

.iplt           0x00003bd4        0x0
 .iplt          0x00003bd4        0x0 ./utilities/fsl_assert.o

.rel.dyn        0x00003bd4        0x0
 .rel.iplt      0x00003bd4        0x0 ./utilities/fsl_assert.o

.ARM.extab
 *(SORT_BY_ALIGNMENT(.ARM.extab*) SORT_BY_ALIGNMENT(.gnu.linkonce.armextab.*))

.ARM.exidx      0x00003bd4        0x0
                0x00003bd4                        __exidx_start = .
 *(SORT_BY_ALIGNMENT(.ARM.exidx*) SORT_BY_ALIGNMENT(.gnu.linkonce.armexidx.*))
                0x00003bd4                        __exidx_end = .
                0x00003bd4                        _etext = .

.m_usb_data
 *(SORT_BY_ALIGNMENT(m_usb_global))

.data_RAM2      0x04000000        0x0 load address 0x00003bd4
 FILL mask 0xff
                [!provide]                        PROVIDE (__start_data_RAM2 = .)
                [!provide]                        PROVIDE (__start_data_SRAMX = .)
 *(SORT_BY_ALIGNMENT(.ramfunc.$RAM2))
 *(SORT_BY_ALIGNMENT(.ramfunc.$SRAMX))
 *(SORT_BY_ALIGNMENT(.data.$RAM2))
 *(SORT_BY_ALIGNMENT(.data.$SRAMX))
 *(SORT_BY_ALIGNMENT(.data.$RAM2.*))
 *(SORT_BY_ALIGNMENT(.data.$SRAMX.*))
                0x04000000                        . = ALIGN (0x4)
                [!provide]                        PROVIDE (__end_data_RAM2 = .)
                [!provide]                        PROVIDE (__end_data_SRAMX = .)

.data_RAM3      0x20060000        0x0 load address 0x00003bd4
 FILL mask 0xff
                [!provide]                        PROVIDE (__start_data_RAM3 = .)
                [!provide]                        PROVIDE (__start_data_SRAMH = .)
 *(SORT_BY_ALIGNMENT(.ramfunc.$RAM3))
 *(SORT_BY_ALIGNMENT(.ramfunc.$SRAMH))
 *(SORT_BY_ALIGNMENT(.data.$RAM3))
 *(SORT_BY_ALIGNMENT(.data.$SRAMH))
 *(SORT_BY_ALIGNMENT(.data.$RAM3.*))
 *(SORT_BY_ALIGNMENT(.data.$SRAMH.*))
                0x20060000                        . = ALIGN (0x4)
                [!provide]                        PROVIDE (__end_data_RAM3 = .)
                [!provide]                        PROVIDE (__end_data_SRAMH = .)

.data_RAM4      0x400ba000        0x0 load address 0x00003bd4
 FILL mask 0xff
                [!provide]                        PROVIDE (__start_data_RAM4 = .)
                [!provide]                        PROVIDE (__start_data_USB_RAM = .)
 *(SORT_BY_ALIGNMENT(.ramfunc.$RAM4))
 *(SORT_BY_ALIGNMENT(.ramfunc.$USB_RAM))
 *(SORT_BY_ALIGNMENT(.data.$RAM4))
 *(SORT_BY_ALIGNMENT(.data.$USB_RAM))
 *(SORT_BY_ALIGNMENT(.data.$RAM4.*))
 *(SORT_BY_ALIGNMENT(.data.$USB_RAM.*))
                0x400ba000                        . = ALIGN (0x4)
                [!provide]                        PROVIDE (__end_data_RAM4 = .)
                [!provide]                        PROVIDE (__end_data_USB_RAM = .)

.uninit_RESERVED
                0x20000000        0x0
                0x20000000                        _start_uninit_RESERVED = .
 *(SORT_BY_ALIGNMENT(.bss.$RESERVED*))
                0x20000000                        . = ALIGN (0x4)
                0x20000000                        _end_uninit_RESERVED = .

.data           0x20000000       0x14 load address 0x00003bd4
 FILL mask 0xff
                0x20000000                        _data = .
                [!provide]                        PROVIDE (__start_data_RAM = .)
                [!provide]                        PROVIDE (__start_data_SRAM = .)
 *(SORT_BY_ALIGNMENT(vtable))
 *(SORT_BY_ALIGNMENT(.ramfunc*))
 *(SORT_BY_ALIGNMENT(CodeQuickAccess))
 *(SORT_BY_ALIGNMENT(DataQuickAccess))
 *(SORT_BY_ALIGNMENT(RamFunction))
 *(SORT_BY_ALIGNMENT(.data*))
 .data.sendbuffer
                0x20000000        0x3 ./source/lpuart_interrupt.o
                0x20000000                sendbuffer
 *fill*         0x20000003        0x1 ff
 .data.s_Ext_Clk_Freq
                0x20000004        0x4 ./drivers/fsl_clock.o
 .data.s_Xtal32_Freq
                0x20000008        0x4 ./drivers/fsl_clock.o
 .data.SystemCoreClock
                0x2000000c        0x4 ./device/system_MCXN947_cm33_core0.o
                0x2000000c                SystemCoreClock
 .data.state    0x20000010        0x1 ./source/lpuart_interrupt.o
                0x20000014                        . = ALIGN (0x4)
 *fill*         0x20000011        0x3 ff
                0x20000014                        _edata = .
                [!provide]                        PROVIDE (__end_data_RAM = .)
                [!provide]                        PROVIDE (__end_data_SRAM = .)

.igot.plt       0x20000014        0x0 load address 0x00003be8
 .igot.plt      0x20000014        0x0 ./utilities/fsl_assert.o

.bss_RAM2       0x04000000        0x0
                [!provide]                        PROVIDE (__start_bss_RAM2 = .)
                [!provide]                        PROVIDE (__start_bss_SRAMX = .)
 *(SORT_BY_ALIGNMENT(.bss.$RAM2))
 *(SORT_BY_ALIGNMENT(.bss.$SRAMX))
 *(SORT_BY_ALIGNMENT(.bss.$RAM2.*))
 *(SORT_BY_ALIGNMENT(.bss.$SRAMX.*))
                0x04000000                        . = ALIGN ((. != 0x0)?0x4:0x1)
                [!provide]                        PROVIDE (__end_bss_RAM2 = .)
                [!provide]                        PROVIDE (__end_bss_SRAMX = .)

.bss_RAM3       0x20060000        0x0
                [!provide]                        PROVIDE (__start_bss_RAM3 = .)
                [!provide]                        PROVIDE (__start_bss_SRAMH = .)
 *(SORT_BY_ALIGNMENT(.bss.$RAM3))
 *(SORT_BY_ALIGNMENT(.bss.$SRAMH))
 *(SORT_BY_ALIGNMENT(.bss.$RAM3.*))
 *(SORT_BY_ALIGNMENT(.bss.$SRAMH.*))
                0x20060000                        . = ALIGN ((. != 0x0)?0x4:0x1)
                [!provide]                        PROVIDE (__end_bss_RAM3 = .)
                [!provide]                        PROVIDE (__end_bss_SRAMH = .)

.bss_RAM4       0x400ba000        0x0
                [!provide]                        PROVIDE (__start_bss_RAM4 = .)
                [!provide]                        PROVIDE (__start_bss_USB_RAM = .)
 *(SORT_BY_ALIGNMENT(.bss.$RAM4))
 *(SORT_BY_ALIGNMENT(.bss.$USB_RAM))
 *(SORT_BY_ALIGNMENT(.bss.$RAM4.*))
 *(SORT_BY_ALIGNMENT(.bss.$USB_RAM.*))
                0x400ba000                        . = ALIGN ((. != 0x0)?0x4:0x1)
                [!provide]                        PROVIDE (__end_bss_RAM4 = .)
                [!provide]                        PROVIDE (__end_bss_USB_RAM = .)

.bss            0x20000014      0x22c
                0x20000014                        _bss = .
                [!provide]                        PROVIDE (__start_bss_RAM = .)
                [!provide]                        PROVIDE (__start_bss_SRAM = .)
 *(SORT_BY_ALIGNMENT(.bss*))
 .bss.s_debugConsole
                0x20000014       0x14 ./utilities/fsl_debug_console.o
 .bss.rxbuff    0x20000028       0x14 ./source/lpuart_interrupt.o
                0x20000028                rxbuff
 .bss.s_lpflexcommIrqHandler
                0x2000003c       0xa0 ./drivers/fsl_lpflexcomm.o
 .bss.s_lpflexcommHandle
                0x200000dc       0xa0 ./drivers/fsl_lpflexcomm.o
 .bss.errno     0x2000017c        0x4 C:/nxp/MCUXpressoIDE_11.10.0_3148/ide/plugins/com.nxp.mcuxpresso.tools.win32_11.10.0.202311280810/tools/bin/../lib/gcc/arm-none-eabi/13.2.1/../../../../arm-none-eabi/lib/thumb/v8-m.main+fp/hard\libcr_c.a(errno.o)
                0x2000017c                errno
 .bss.__Ciob    0x20000180       0xb4 C:/nxp/MCUXpressoIDE_11.10.0_3148/ide/plugins/com.nxp.mcuxpresso.tools.win32_11.10.0.202311280810/tools/bin/../lib/gcc/arm-none-eabi/13.2.1/../../../../arm-none-eabi/lib/thumb/v8-m.main+fp/hard\libcr_nohost_nf.a(__ciob.o)
                0x20000180                __Ciob
 .bss.txIndex   0x20000234        0x2 ./source/lpuart_interrupt.o
                0x20000234                txIndex
 .bss.rxIndex   0x20000236        0x2 ./source/lpuart_interrupt.o
                0x20000236                rxIndex
 .bss.cnt       0x20000238        0x2 ./source/lpuart_interrupt.o
                0x20000238                cnt
 .bss.recdatacnt
                0x2000023a        0x2 ./source/lpuart_interrupt.o
                0x2000023a                recdatacnt
 .bss.Lin_BKflag
                0x2000023c        0x1 ./source/lpuart_interrupt.o
                0x2000023c                Lin_BKflag
 *(SORT_BY_ALIGNMENT(COMMON))
                0x20000240                        . = ALIGN (0x4)
 *fill*         0x2000023d        0x3 
                0x20000240                        _ebss = .
                [!provide]                        PROVIDE (__end_bss_RAM = .)
                [!provide]                        PROVIDE (__end_bss_SRAM = .)
                [!provide]                        PROVIDE (end = .)

.noinit_RAM2    0x04000000        0x0
                [!provide]                        PROVIDE (__start_noinit_RAM2 = .)
                [!provide]                        PROVIDE (__start_noinit_SRAMX = .)
 *(SORT_BY_ALIGNMENT(.noinit.$RAM2))
 *(SORT_BY_ALIGNMENT(.noinit.$SRAMX))
 *(SORT_BY_ALIGNMENT(.noinit.$RAM2.*))
 *(SORT_BY_ALIGNMENT(.noinit.$SRAMX.*))
                0x04000000                        . = ALIGN (0x4)
                [!provide]                        PROVIDE (__end_noinit_RAM2 = .)
                [!provide]                        PROVIDE (__end_noinit_SRAMX = .)

.noinit_RAM3    0x20060000        0x0
                [!provide]                        PROVIDE (__start_noinit_RAM3 = .)
                [!provide]                        PROVIDE (__start_noinit_SRAMH = .)
 *(SORT_BY_ALIGNMENT(.noinit.$RAM3))
 *(SORT_BY_ALIGNMENT(.noinit.$SRAMH))
 *(SORT_BY_ALIGNMENT(.noinit.$RAM3.*))
 *(SORT_BY_ALIGNMENT(.noinit.$SRAMH.*))
                0x20060000                        . = ALIGN (0x4)
                [!provide]                        PROVIDE (__end_noinit_RAM3 = .)
                [!provide]                        PROVIDE (__end_noinit_SRAMH = .)

.noinit_RAM4    0x400ba000        0x0
                [!provide]                        PROVIDE (__start_noinit_RAM4 = .)
                [!provide]                        PROVIDE (__start_noinit_USB_RAM = .)
 *(SORT_BY_ALIGNMENT(.noinit.$RAM4))
 *(SORT_BY_ALIGNMENT(.noinit.$USB_RAM))
 *(SORT_BY_ALIGNMENT(.noinit.$RAM4.*))
 *(SORT_BY_ALIGNMENT(.noinit.$USB_RAM.*))
                0x400ba000                        . = ALIGN (0x4)
                [!provide]                        PROVIDE (__end_noinit_RAM4 = .)
                [!provide]                        PROVIDE (__end_noinit_USB_RAM = .)

.noinit         0x20000240        0x0
                0x20000240                        _noinit = .
                [!provide]                        PROVIDE (__start_noinit_RAM = .)
                [!provide]                        PROVIDE (__start_noinit_SRAM = .)
 *(SORT_BY_ALIGNMENT(.noinit*))
                0x20000240                        . = ALIGN (0x4)
                0x20000240                        _end_noinit = .
                [!provide]                        PROVIDE (__end_noinit_RAM = .)
                [!provide]                        PROVIDE (__end_noinit_SRAM = .)
                0x00001000                        _HeapSize = 0x1000

.heap           0x20000240     0x1000
                0x20000240                        _pvHeapStart = .
                0x20001240                        . = (. + _HeapSize)
 *fill*         0x20000240     0x1000 
                0x20001240                        . = ALIGN (0x4)
                0x20001240                        _pvHeapLimit = .
                0x00001000                        _StackSize = 0x1000

.heap2stackfill
                0x20001240     0x1000
                0x20002240                        . = (. + _StackSize)
 *fill*         0x20001240     0x1000 

.stack          0x2005f000        0x0
                0x2005f000                        _vStackBase = .
                0x2005f000                        . = ALIGN (0x4)
                0x20060000                        _vStackTop = (. + _StackSize)
                0x00000000                        _image_start = LOADADDR (.text)
                0x00003be8                        _image_end = (LOADADDR (.data) + SIZEOF (.data))
                0x00003be8                        _image_size = (_image_end - _image_start)
OUTPUT(frdmmcxn947_lpuart_slave.axf elf32-littlearm)
LOAD linker stubs

.debug_info     0x00000000    0x1d970
 .debug_info    0x00000000      0x12e ./utilities/fsl_assert.o
 .debug_info    0x0000012e      0xce8 ./utilities/fsl_debug_console.o
 .debug_info    0x00000e16       0x24 ./utilities/fsl_memcpy.o
 .debug_info    0x00000e3a     0x14b6 ./startup/startup_mcxn947_cm33_core0.o
 .debug_info    0x000022f0     0x202d ./source/lpuart_interrupt.o
 .debug_info    0x0000431d       0x3c ./source/semihost_hardfault.o
 .debug_info    0x00004359     0x53b3 ./drivers/fsl_clock.o
 .debug_info    0x0000970c      0x558 ./drivers/fsl_gpio.o
 .debug_info    0x00009c64     0x253a ./drivers/fsl_lpflexcomm.o
 .debug_info    0x0000c19e     0x23ed ./drivers/fsl_lpuart.o
 .debug_info    0x0000e58b     0x14c6 ./drivers/fsl_reset.o
 .debug_info    0x0000fa51     0x1aad ./drivers/fsl_spc.o
 .debug_info    0x000114fe     0x188b ./device/system_MCXN947_cm33_core0.o
 .debug_info    0x00012d89      0xe5d ./component/uart/fsl_adapter_lpuart.o
 .debug_info    0x00013be6     0x1340 ./board/board.o
 .debug_info    0x00014f26     0x29f7 ./board/clock_config.o
 .debug_info    0x0001791d     0x1bd6 ./board/pin_mux.o
 .debug_info    0x000194f3       0x85 C:/nxp/MCUXpressoIDE_11.10.0_3148/ide/plugins/com.nxp.mcuxpresso.tools.win32_11.10.0.202311280810/tools/bin/../lib/gcc/arm-none-eabi/13.2.1/../../../../arm-none-eabi/lib/thumb/v8-m.main+fp/hard\libcr_nohost_nf.a(_cr__main.o)
 .debug_info    0x00019578       0xfc C:/nxp/MCUXpressoIDE_11.10.0_3148/ide/plugins/com.nxp.mcuxpresso.tools.win32_11.10.0.202311280810/tools/bin/../lib/gcc/arm-none-eabi/13.2.1/../../../../arm-none-eabi/lib/thumb/v8-m.main+fp/hard\libcr_c.a(memset.o)
 .debug_info    0x00019674      0x520 C:/nxp/MCUXpressoIDE_11.10.0_3148/ide/plugins/com.nxp.mcuxpresso.tools.win32_11.10.0.202311280810/tools/bin/../lib/gcc/arm-none-eabi/13.2.1/../../../../arm-none-eabi/lib/thumb/v8-m.main+fp/hard\libcr_c.a(alloc.o)
 .debug_info    0x00019b94       0x44 C:/nxp/MCUXpressoIDE_11.10.0_3148/ide/plugins/com.nxp.mcuxpresso.tools.win32_11.10.0.202311280810/tools/bin/../lib/gcc/arm-none-eabi/13.2.1/../../../../arm-none-eabi/lib/thumb/v8-m.main+fp/hard\libcr_c.a(errno.o)
 .debug_info    0x00019bd8      0x339 C:/nxp/MCUXpressoIDE_11.10.0_3148/ide/plugins/com.nxp.mcuxpresso.tools.win32_11.10.0.202311280810/tools/bin/../lib/gcc/arm-none-eabi/13.2.1/../../../../arm-none-eabi/lib/thumb/v8-m.main+fp/hard\libcr_c.a(initio.o)
 .debug_info    0x00019f11      0x1fd C:/nxp/MCUXpressoIDE_11.10.0_3148/ide/plugins/com.nxp.mcuxpresso.tools.win32_11.10.0.202311280810/tools/bin/../lib/gcc/arm-none-eabi/13.2.1/../../../../arm-none-eabi/lib/thumb/v8-m.main+fp/hard\libcr_c.a(setvbuf.o)
 .debug_info    0x0001a10e       0xe1 C:/nxp/MCUXpressoIDE_11.10.0_3148/ide/plugins/com.nxp.mcuxpresso.tools.win32_11.10.0.202311280810/tools/bin/../lib/gcc/arm-none-eabi/13.2.1/../../../../arm-none-eabi/lib/thumb/v8-m.main+fp/hard\libcr_c.a(strlen.o)
 .debug_info    0x0001a1ef      0x369 C:/nxp/MCUXpressoIDE_11.10.0_3148/ide/plugins/com.nxp.mcuxpresso.tools.win32_11.10.0.202311280810/tools/bin/../lib/gcc/arm-none-eabi/13.2.1/../../../../arm-none-eabi/lib/thumb/v8-m.main+fp/hard\libcr_c.a(_deferredlazyseek.o)
 .debug_info    0x0001a558      0x24b C:/nxp/MCUXpressoIDE_11.10.0_3148/ide/plugins/com.nxp.mcuxpresso.tools.win32_11.10.0.202311280810/tools/bin/../lib/gcc/arm-none-eabi/13.2.1/../../../../arm-none-eabi/lib/thumb/v8-m.main+fp/hard\libcr_c.a(_fdopen.o)
 .debug_info    0x0001a7a3      0x1e3 C:/nxp/MCUXpressoIDE_11.10.0_3148/ide/plugins/com.nxp.mcuxpresso.tools.win32_11.10.0.202311280810/tools/bin/../lib/gcc/arm-none-eabi/13.2.1/../../../../arm-none-eabi/lib/thumb/v8-m.main+fp/hard\libcr_c.a(_fflush.o)
 .debug_info    0x0001a986      0x289 C:/nxp/MCUXpressoIDE_11.10.0_3148/ide/plugins/com.nxp.mcuxpresso.tools.win32_11.10.0.202311280810/tools/bin/../lib/gcc/arm-none-eabi/13.2.1/../../../../arm-none-eabi/lib/thumb/v8-m.main+fp/hard\libcr_c.a(_writebuf.o)
 .debug_info    0x0001ac0f      0x318 C:/nxp/MCUXpressoIDE_11.10.0_3148/ide/plugins/com.nxp.mcuxpresso.tools.win32_11.10.0.202311280810/tools/bin/../lib/gcc/arm-none-eabi/13.2.1/../../../../arm-none-eabi/lib/thumb/v8-m.main+fp/hard\libcr_c.a(fclose.o)
 .debug_info    0x0001af27      0x209 C:/nxp/MCUXpressoIDE_11.10.0_3148/ide/plugins/com.nxp.mcuxpresso.tools.win32_11.10.0.202311280810/tools/bin/../lib/gcc/arm-none-eabi/13.2.1/../../../../arm-none-eabi/lib/thumb/v8-m.main+fp/hard\libcr_c.a(fflush.o)
 .debug_info    0x0001b130      0x276 C:/nxp/MCUXpressoIDE_11.10.0_3148/ide/plugins/com.nxp.mcuxpresso.tools.win32_11.10.0.202311280810/tools/bin/../lib/gcc/arm-none-eabi/13.2.1/../../../../arm-none-eabi/lib/thumb/v8-m.main+fp/hard\libcr_c.a(fseek.o)
 .debug_info    0x0001b3a6      0x197 C:/nxp/MCUXpressoIDE_11.10.0_3148/ide/plugins/com.nxp.mcuxpresso.tools.win32_11.10.0.202311280810/tools/bin/../lib/gcc/arm-none-eabi/13.2.1/../../../../arm-none-eabi/lib/thumb/v8-m.main+fp/hard\libcr_c.a(ftell.o)
 .debug_info    0x0001b53d      0x1d7 C:/nxp/MCUXpressoIDE_11.10.0_3148/ide/plugins/com.nxp.mcuxpresso.tools.win32_11.10.0.202311280810/tools/bin/../lib/gcc/arm-none-eabi/13.2.1/../../../../arm-none-eabi/lib/thumb/v8-m.main+fp/hard\libcr_c.a(remove.o)
 .debug_info    0x0001b714      0x23a C:/nxp/MCUXpressoIDE_11.10.0_3148/ide/plugins/com.nxp.mcuxpresso.tools.win32_11.10.0.202311280810/tools/bin/../lib/gcc/arm-none-eabi/13.2.1/../../../../arm-none-eabi/lib/thumb/v8-m.main+fp/hard\libcr_c.a(_do_fflush.o)
 .debug_info    0x0001b94e     0x1b31 C:/nxp/MCUXpressoIDE_11.10.0_3148/ide/plugins/com.nxp.mcuxpresso.tools.win32_11.10.0.202311280810/tools/bin/../lib/gcc/arm-none-eabi/13.2.1/thumb/v8-m.main+fp/hard\libcr_eabihelpers.a(float.o)
 .debug_info    0x0001d47f      0x18b C:/nxp/MCUXpressoIDE_11.10.0_3148/ide/plugins/com.nxp.mcuxpresso.tools.win32_11.10.0.202311280810/tools/bin/../lib/gcc/arm-none-eabi/13.2.1/../../../../arm-none-eabi/lib/thumb/v8-m.main+fp/hard\libcr_nohost_nf.a(__ciob.o)
 .debug_info    0x0001d60a       0x6a C:/nxp/MCUXpressoIDE_11.10.0_3148/ide/plugins/com.nxp.mcuxpresso.tools.win32_11.10.0.202311280810/tools/bin/../lib/gcc/arm-none-eabi/13.2.1/../../../../arm-none-eabi/lib/thumb/v8-m.main+fp/hard\libcr_nohost_nf.a(__sys_close.o)
 .debug_info    0x0001d674       0x6a C:/nxp/MCUXpressoIDE_11.10.0_3148/ide/plugins/com.nxp.mcuxpresso.tools.win32_11.10.0.202311280810/tools/bin/../lib/gcc/arm-none-eabi/13.2.1/../../../../arm-none-eabi/lib/thumb/v8-m.main+fp/hard\libcr_nohost_nf.a(__sys_flen.o)
 .debug_info    0x0001d6de       0x6a C:/nxp/MCUXpressoIDE_11.10.0_3148/ide/plugins/com.nxp.mcuxpresso.tools.win32_11.10.0.202311280810/tools/bin/../lib/gcc/arm-none-eabi/13.2.1/../../../../arm-none-eabi/lib/thumb/v8-m.main+fp/hard\libcr_nohost_nf.a(__sys_istty.o)
 .debug_info    0x0001d748       0x8a C:/nxp/MCUXpressoIDE_11.10.0_3148/ide/plugins/com.nxp.mcuxpresso.tools.win32_11.10.0.202311280810/tools/bin/../lib/gcc/arm-none-eabi/13.2.1/../../../../arm-none-eabi/lib/thumb/v8-m.main+fp/hard\libcr_nohost_nf.a(__sys_remove.o)
 .debug_info    0x0001d7d2       0x78 C:/nxp/MCUXpressoIDE_11.10.0_3148/ide/plugins/com.nxp.mcuxpresso.tools.win32_11.10.0.202311280810/tools/bin/../lib/gcc/arm-none-eabi/13.2.1/../../../../arm-none-eabi/lib/thumb/v8-m.main+fp/hard\libcr_nohost_nf.a(__sys_seek.o)
 .debug_info    0x0001d84a       0x93 C:/nxp/MCUXpressoIDE_11.10.0_3148/ide/plugins/com.nxp.mcuxpresso.tools.win32_11.10.0.202311280810/tools/bin/../lib/gcc/arm-none-eabi/13.2.1/../../../../arm-none-eabi/lib/thumb/v8-m.main+fp/hard\libcr_nohost_nf.a(__sys_tmpnam.o)
 .debug_info    0x0001d8dd       0x93 C:/nxp/MCUXpressoIDE_11.10.0_3148/ide/plugins/com.nxp.mcuxpresso.tools.win32_11.10.0.202311280810/tools/bin/../lib/gcc/arm-none-eabi/13.2.1/../../../../arm-none-eabi/lib/thumb/v8-m.main+fp/hard\libcr_nohost_nf.a(__sys_write.o)

.debug_abbrev   0x00000000     0x3d0c
 .debug_abbrev  0x00000000       0xbd ./utilities/fsl_assert.o
 .debug_abbrev  0x000000bd      0x256 ./utilities/fsl_debug_console.o
 .debug_abbrev  0x00000313       0x14 ./utilities/fsl_memcpy.o
 .debug_abbrev  0x00000327      0x147 ./startup/startup_mcxn947_cm33_core0.o
 .debug_abbrev  0x0000046e      0x2ed ./source/lpuart_interrupt.o
 .debug_abbrev  0x0000075b       0x31 ./source/semihost_hardfault.o
 .debug_abbrev  0x0000078c      0x386 ./drivers/fsl_clock.o
 .debug_abbrev  0x00000b12      0x201 ./drivers/fsl_gpio.o
 .debug_abbrev  0x00000d13      0x381 ./drivers/fsl_lpflexcomm.o
 .debug_abbrev  0x00001094      0x434 ./drivers/fsl_lpuart.o
 .debug_abbrev  0x000014c8      0x16c ./drivers/fsl_reset.o
 .debug_abbrev  0x00001634      0x2fa ./drivers/fsl_spc.o
 .debug_abbrev  0x0000192e      0x1a3 ./device/system_MCXN947_cm33_core0.o
 .debug_abbrev  0x00001ad1      0x238 ./component/uart/fsl_adapter_lpuart.o
 .debug_abbrev  0x00001d09      0x1f5 ./board/board.o
 .debug_abbrev  0x00001efe      0x261 ./board/clock_config.o
 .debug_abbrev  0x0000215f      0x2cd ./board/pin_mux.o
 .debug_abbrev  0x0000242c       0x70 C:/nxp/MCUXpressoIDE_11.10.0_3148/ide/plugins/com.nxp.mcuxpresso.tools.win32_11.10.0.202311280810/tools/bin/../lib/gcc/arm-none-eabi/13.2.1/../../../../arm-none-eabi/lib/thumb/v8-m.main+fp/hard\libcr_nohost_nf.a(_cr__main.o)
 .debug_abbrev  0x0000249c       0xa8 C:/nxp/MCUXpressoIDE_11.10.0_3148/ide/plugins/com.nxp.mcuxpresso.tools.win32_11.10.0.202311280810/tools/bin/../lib/gcc/arm-none-eabi/13.2.1/../../../../arm-none-eabi/lib/thumb/v8-m.main+fp/hard\libcr_c.a(memset.o)
 .debug_abbrev  0x00002544      0x284 C:/nxp/MCUXpressoIDE_11.10.0_3148/ide/plugins/com.nxp.mcuxpresso.tools.win32_11.10.0.202311280810/tools/bin/../lib/gcc/arm-none-eabi/13.2.1/../../../../arm-none-eabi/lib/thumb/v8-m.main+fp/hard\libcr_c.a(alloc.o)
 .debug_abbrev  0x000027c8       0x44 C:/nxp/MCUXpressoIDE_11.10.0_3148/ide/plugins/com.nxp.mcuxpresso.tools.win32_11.10.0.202311280810/tools/bin/../lib/gcc/arm-none-eabi/13.2.1/../../../../arm-none-eabi/lib/thumb/v8-m.main+fp/hard\libcr_c.a(errno.o)
 .debug_abbrev  0x0000280c      0x169 C:/nxp/MCUXpressoIDE_11.10.0_3148/ide/plugins/com.nxp.mcuxpresso.tools.win32_11.10.0.202311280810/tools/bin/../lib/gcc/arm-none-eabi/13.2.1/../../../../arm-none-eabi/lib/thumb/v8-m.main+fp/hard\libcr_c.a(initio.o)
 .debug_abbrev  0x00002975       0xe1 C:/nxp/MCUXpressoIDE_11.10.0_3148/ide/plugins/com.nxp.mcuxpresso.tools.win32_11.10.0.202311280810/tools/bin/../lib/gcc/arm-none-eabi/13.2.1/../../../../arm-none-eabi/lib/thumb/v8-m.main+fp/hard\libcr_c.a(setvbuf.o)
 .debug_abbrev  0x00002a56       0xa7 C:/nxp/MCUXpressoIDE_11.10.0_3148/ide/plugins/com.nxp.mcuxpresso.tools.win32_11.10.0.202311280810/tools/bin/../lib/gcc/arm-none-eabi/13.2.1/../../../../arm-none-eabi/lib/thumb/v8-m.main+fp/hard\libcr_c.a(strlen.o)
 .debug_abbrev  0x00002afd      0x152 C:/nxp/MCUXpressoIDE_11.10.0_3148/ide/plugins/com.nxp.mcuxpresso.tools.win32_11.10.0.202311280810/tools/bin/../lib/gcc/arm-none-eabi/13.2.1/../../../../arm-none-eabi/lib/thumb/v8-m.main+fp/hard\libcr_c.a(_deferredlazyseek.o)
 .debug_abbrev  0x00002c4f      0x119 C:/nxp/MCUXpressoIDE_11.10.0_3148/ide/plugins/com.nxp.mcuxpresso.tools.win32_11.10.0.202311280810/tools/bin/../lib/gcc/arm-none-eabi/13.2.1/../../../../arm-none-eabi/lib/thumb/v8-m.main+fp/hard\libcr_c.a(_fdopen.o)
 .debug_abbrev  0x00002d68       0xf1 C:/nxp/MCUXpressoIDE_11.10.0_3148/ide/plugins/com.nxp.mcuxpresso.tools.win32_11.10.0.202311280810/tools/bin/../lib/gcc/arm-none-eabi/13.2.1/../../../../arm-none-eabi/lib/thumb/v8-m.main+fp/hard\libcr_c.a(_fflush.o)
 .debug_abbrev  0x00002e59      0x126 C:/nxp/MCUXpressoIDE_11.10.0_3148/ide/plugins/com.nxp.mcuxpresso.tools.win32_11.10.0.202311280810/tools/bin/../lib/gcc/arm-none-eabi/13.2.1/../../../../arm-none-eabi/lib/thumb/v8-m.main+fp/hard\libcr_c.a(_writebuf.o)
 .debug_abbrev  0x00002f7f      0x155 C:/nxp/MCUXpressoIDE_11.10.0_3148/ide/plugins/com.nxp.mcuxpresso.tools.win32_11.10.0.202311280810/tools/bin/../lib/gcc/arm-none-eabi/13.2.1/../../../../arm-none-eabi/lib/thumb/v8-m.main+fp/hard\libcr_c.a(fclose.o)
 .debug_abbrev  0x000030d4      0x125 C:/nxp/MCUXpressoIDE_11.10.0_3148/ide/plugins/com.nxp.mcuxpresso.tools.win32_11.10.0.202311280810/tools/bin/../lib/gcc/arm-none-eabi/13.2.1/../../../../arm-none-eabi/lib/thumb/v8-m.main+fp/hard\libcr_c.a(fflush.o)
 .debug_abbrev  0x000031f9      0x11b C:/nxp/MCUXpressoIDE_11.10.0_3148/ide/plugins/com.nxp.mcuxpresso.tools.win32_11.10.0.202311280810/tools/bin/../lib/gcc/arm-none-eabi/13.2.1/../../../../arm-none-eabi/lib/thumb/v8-m.main+fp/hard\libcr_c.a(fseek.o)
 .debug_abbrev  0x00003314       0xc2 C:/nxp/MCUXpressoIDE_11.10.0_3148/ide/plugins/com.nxp.mcuxpresso.tools.win32_11.10.0.202311280810/tools/bin/../lib/gcc/arm-none-eabi/13.2.1/../../../../arm-none-eabi/lib/thumb/v8-m.main+fp/hard\libcr_c.a(ftell.o)
 .debug_abbrev  0x000033d6       0xfb C:/nxp/MCUXpressoIDE_11.10.0_3148/ide/plugins/com.nxp.mcuxpresso.tools.win32_11.10.0.202311280810/tools/bin/../lib/gcc/arm-none-eabi/13.2.1/../../../../arm-none-eabi/lib/thumb/v8-m.main+fp/hard\libcr_c.a(remove.o)
 .debug_abbrev  0x000034d1      0x12c C:/nxp/MCUXpressoIDE_11.10.0_3148/ide/plugins/com.nxp.mcuxpresso.tools.win32_11.10.0.202311280810/tools/bin/../lib/gcc/arm-none-eabi/13.2.1/../../../../arm-none-eabi/lib/thumb/v8-m.main+fp/hard\libcr_c.a(_do_fflush.o)
 .debug_abbrev  0x000035fd      0x370 C:/nxp/MCUXpressoIDE_11.10.0_3148/ide/plugins/com.nxp.mcuxpresso.tools.win32_11.10.0.202311280810/tools/bin/../lib/gcc/arm-none-eabi/13.2.1/thumb/v8-m.main+fp/hard\libcr_eabihelpers.a(float.o)
 .debug_abbrev  0x0000396d       0xb5 C:/nxp/MCUXpressoIDE_11.10.0_3148/ide/plugins/com.nxp.mcuxpresso.tools.win32_11.10.0.202311280810/tools/bin/../lib/gcc/arm-none-eabi/13.2.1/../../../../arm-none-eabi/lib/thumb/v8-m.main+fp/hard\libcr_nohost_nf.a(__ciob.o)
 .debug_abbrev  0x00003a22       0x5c C:/nxp/MCUXpressoIDE_11.10.0_3148/ide/plugins/com.nxp.mcuxpresso.tools.win32_11.10.0.202311280810/tools/bin/../lib/gcc/arm-none-eabi/13.2.1/../../../../arm-none-eabi/lib/thumb/v8-m.main+fp/hard\libcr_nohost_nf.a(__sys_close.o)
 .debug_abbrev  0x00003a7e       0x5c C:/nxp/MCUXpressoIDE_11.10.0_3148/ide/plugins/com.nxp.mcuxpresso.tools.win32_11.10.0.202311280810/tools/bin/../lib/gcc/arm-none-eabi/13.2.1/../../../../arm-none-eabi/lib/thumb/v8-m.main+fp/hard\libcr_nohost_nf.a(__sys_flen.o)
 .debug_abbrev  0x00003ada       0x5c C:/nxp/MCUXpressoIDE_11.10.0_3148/ide/plugins/com.nxp.mcuxpresso.tools.win32_11.10.0.202311280810/tools/bin/../lib/gcc/arm-none-eabi/13.2.1/../../../../arm-none-eabi/lib/thumb/v8-m.main+fp/hard\libcr_nohost_nf.a(__sys_istty.o)
 .debug_abbrev  0x00003b36       0x7d C:/nxp/MCUXpressoIDE_11.10.0_3148/ide/plugins/com.nxp.mcuxpresso.tools.win32_11.10.0.202311280810/tools/bin/../lib/gcc/arm-none-eabi/13.2.1/../../../../arm-none-eabi/lib/thumb/v8-m.main+fp/hard\libcr_nohost_nf.a(__sys_remove.o)
 .debug_abbrev  0x00003bb3       0x6d C:/nxp/MCUXpressoIDE_11.10.0_3148/ide/plugins/com.nxp.mcuxpresso.tools.win32_11.10.0.202311280810/tools/bin/../lib/gcc/arm-none-eabi/13.2.1/../../../../arm-none-eabi/lib/thumb/v8-m.main+fp/hard\libcr_nohost_nf.a(__sys_seek.o)
 .debug_abbrev  0x00003c20       0x76 C:/nxp/MCUXpressoIDE_11.10.0_3148/ide/plugins/com.nxp.mcuxpresso.tools.win32_11.10.0.202311280810/tools/bin/../lib/gcc/arm-none-eabi/13.2.1/../../../../arm-none-eabi/lib/thumb/v8-m.main+fp/hard\libcr_nohost_nf.a(__sys_tmpnam.o)
 .debug_abbrev  0x00003c96       0x76 C:/nxp/MCUXpressoIDE_11.10.0_3148/ide/plugins/com.nxp.mcuxpresso.tools.win32_11.10.0.202311280810/tools/bin/../lib/gcc/arm-none-eabi/13.2.1/../../../../arm-none-eabi/lib/thumb/v8-m.main+fp/hard\libcr_nohost_nf.a(__sys_write.o)

.debug_aranges  0x00000000     0x13c8
 .debug_aranges
                0x00000000       0x28 ./utilities/fsl_assert.o